[    0.000000] Linux version 5.15.0-131-generic (buildd@lcy02-amd64-072) (gcc (Ubuntu 9.4.0-1ubuntu1~20.04.2) 9.4.0, GNU ld (GNU Binutils for Ubuntu) 2.34) #141~20.04.1-Ubuntu SMP Thu Jan 16 18:38:51 UTC 2025 (Ubuntu 5.15.0-131.141~20.04.1-generic 5.15.168)
[    0.000000] Command line: BOOT_IMAGE=/boot/vmlinuz-5.15.0-131-generic root=UUID=8d78bc83-644d-46d1-8bf2-6a5bb2fada27 ro find_preseed=/preseed.cfg auto noprompt priority=critical locale=en_US quiet
[    0.000000] KERNEL supported cpus:
[    0.000000]   Intel GenuineIntel
[    0.000000]   AMD AuthenticAMD
[    0.000000]   Hygon HygonGenuine
[    0.000000]   Centaur CentaurHauls
[    0.000000]   zhaoxin   Shanghai  
[    0.000000] Disabled fast string operations
[    0.000000] BIOS-provided physical RAM map:
[    0.000000] BIOS-e820: [mem 0x0000000000000000-0x000000000009e7ff] usable
[    0.000000] BIOS-e820: [mem 0x000000000009e800-0x000000000009ffff] reserved
[    0.000000] BIOS-e820: [mem 0x00000000000dc000-0x00000000000fffff] reserved
[    0.000000] BIOS-e820: [mem 0x0000000000100000-0x00000000bfecffff] usable
[    0.000000] BIOS-e820: [mem 0x00000000bfed0000-0x00000000bfefefff] ACPI data
[    0.000000] BIOS-e820: [mem 0x00000000bfeff000-0x00000000bfefffff] ACPI NVS
[    0.000000] BIOS-e820: [mem 0x00000000bff00000-0x00000000bfffffff] usable
[    0.000000] BIOS-e820: [mem 0x00000000f0000000-0x00000000f7ffffff] reserved
[    0.000000] BIOS-e820: [mem 0x00000000fec00000-0x00000000fec0ffff] reserved
[    0.000000] BIOS-e820: [mem 0x00000000fee00000-0x00000000fee00fff] reserved
[    0.000000] BIOS-e820: [mem 0x00000000fffe0000-0x00000000ffffffff] reserved
[    0.000000] BIOS-e820: [mem 0x0000000100000000-0x000000023fffffff] usable
[    0.000000] NX (Execute Disable) protection: active
[    0.000000] SMBIOS 2.7 present.
[    0.000000] DMI: VMware, Inc. VMware Virtual Platform/440BX Desktop Reference Platform, BIOS 6.00 02/27/2020
[    0.000000] vmware: hypercall mode: 0x00
[    0.000000] Hypervisor detected: VMware
[    0.000000] vmware: TSC freq read from hypervisor : 2803.201 MHz
[    0.000000] vmware: Host bus clock speed read from hypervisor : 66000000 Hz
[    0.000000] vmware: using clock offset of 15934336838 ns
[    0.000034] tsc: Detected 2803.201 MHz processor
[    0.004215] e820: update [mem 0x00000000-0x00000fff] usable ==> reserved
[    0.004222] e820: remove [mem 0x000a0000-0x000fffff] usable
[    0.004238] last_pfn = 0x240000 max_arch_pfn = 0x400000000
[    0.004316] x86/PAT: Configuration [0-7]: WB  WC  UC- UC  WB  WP  UC- WT  
[    0.004351] total RAM covered: 261120M
[    0.004662]  gran_size: 64K 	chunk_size: 64K 	num_reg: 8  	lose cover RAM: 0G
[    0.004668]  gran_size: 64K 	chunk_size: 128K 	num_reg: 8  	lose cover RAM: 0G
[    0.004672]  gran_size: 64K 	chunk_size: 256K 	num_reg: 8  	lose cover RAM: 0G
[    0.004675]  gran_size: 64K 	chunk_size: 512K 	num_reg: 8  	lose cover RAM: 0G
[    0.004679]  gran_size: 64K 	chunk_size: 1M 	num_reg: 8  	lose cover RAM: 0G
[    0.004682]  gran_size: 64K 	chunk_size: 2M 	num_reg: 8  	lose cover RAM: 0G
[    0.004685]  gran_size: 64K 	chunk_size: 4M 	num_reg: 8  	lose cover RAM: 0G
[    0.004688]  gran_size: 64K 	chunk_size: 8M 	num_reg: 8  	lose cover RAM: 0G
[    0.004691]  gran_size: 64K 	chunk_size: 16M 	num_reg: 8  	lose cover RAM: 0G
[    0.004694]  gran_size: 64K 	chunk_size: 32M 	num_reg: 8  	lose cover RAM: 0G
[    0.004697]  gran_size: 64K 	chunk_size: 64M 	num_reg: 8  	lose cover RAM: 0G
[    0.004700]  gran_size: 64K 	chunk_size: 128M 	num_reg: 8  	lose cover RAM: 0G
[    0.004703]  gran_size: 64K 	chunk_size: 256M 	num_reg: 8  	lose cover RAM: 0G
[    0.004706]  gran_size: 64K 	chunk_size: 512M 	num_reg: 8  	lose cover RAM: 0G
[    0.004710]  gran_size: 64K 	chunk_size: 1G 	num_reg: 8  	lose cover RAM: 0G
[    0.004713]  gran_size: 64K 	chunk_size: 2G 	num_reg: 8  	lose cover RAM: 0G
[    0.004716]  gran_size: 128K 	chunk_size: 128K 	num_reg: 8  	lose cover RAM: 0G
[    0.004719]  gran_size: 128K 	chunk_size: 256K 	num_reg: 8  	lose cover RAM: 0G
[    0.004722]  gran_size: 128K 	chunk_size: 512K 	num_reg: 8  	lose cover RAM: 0G
[    0.004725]  gran_size: 128K 	chunk_size: 1M 	num_reg: 8  	lose cover RAM: 0G
[    0.004728]  gran_size: 128K 	chunk_size: 2M 	num_reg: 8  	lose cover RAM: 0G
[    0.004731]  gran_size: 128K 	chunk_size: 4M 	num_reg: 8  	lose cover RAM: 0G
[    0.004734]  gran_size: 128K 	chunk_size: 8M 	num_reg: 8  	lose cover RAM: 0G
[    0.004737]  gran_size: 128K 	chunk_size: 16M 	num_reg: 8  	lose cover RAM: 0G
[    0.004741]  gran_size: 128K 	chunk_size: 32M 	num_reg: 8  	lose cover RAM: 0G
[    0.004744]  gran_size: 128K 	chunk_size: 64M 	num_reg: 8  	lose cover RAM: 0G
[    0.004747]  gran_size: 128K 	chunk_size: 128M 	num_reg: 8  	lose cover RAM: 0G
[    0.004750]  gran_size: 128K 	chunk_size: 256M 	num_reg: 8  	lose cover RAM: 0G
[    0.004753]  gran_size: 128K 	chunk_size: 512M 	num_reg: 8  	lose cover RAM: 0G
[    0.004756]  gran_size: 128K 	chunk_size: 1G 	num_reg: 8  	lose cover RAM: 0G
[    0.004759]  gran_size: 128K 	chunk_size: 2G 	num_reg: 8  	lose cover RAM: 0G
[    0.004762]  gran_size: 256K 	chunk_size: 256K 	num_reg: 8  	lose cover RAM: 0G
[    0.004765]  gran_size: 256K 	chunk_size: 512K 	num_reg: 8  	lose cover RAM: 0G
[    0.004768]  gran_size: 256K 	chunk_size: 1M 	num_reg: 8  	lose cover RAM: 0G
[    0.004771]  gran_size: 256K 	chunk_size: 2M 	num_reg: 8  	lose cover RAM: 0G
[    0.004774]  gran_size: 256K 	chunk_size: 4M 	num_reg: 8  	lose cover RAM: 0G
[    0.004777]  gran_size: 256K 	chunk_size: 8M 	num_reg: 8  	lose cover RAM: 0G
[    0.004781]  gran_size: 256K 	chunk_size: 16M 	num_reg: 8  	lose cover RAM: 0G
[    0.004784]  gran_size: 256K 	chunk_size: 32M 	num_reg: 8  	lose cover RAM: 0G
[    0.004787]  gran_size: 256K 	chunk_size: 64M 	num_reg: 8  	lose cover RAM: 0G
[    0.004790]  gran_size: 256K 	chunk_size: 128M 	num_reg: 8  	lose cover RAM: 0G
[    0.004793]  gran_size: 256K 	chunk_size: 256M 	num_reg: 8  	lose cover RAM: 0G
[    0.004796]  gran_size: 256K 	chunk_size: 512M 	num_reg: 8  	lose cover RAM: 0G
[    0.004799]  gran_size: 256K 	chunk_size: 1G 	num_reg: 8  	lose cover RAM: 0G
[    0.004802]  gran_size: 256K 	chunk_size: 2G 	num_reg: 8  	lose cover RAM: 0G
[    0.004805]  gran_size: 512K 	chunk_size: 512K 	num_reg: 8  	lose cover RAM: 0G
[    0.004808]  gran_size: 512K 	chunk_size: 1M 	num_reg: 8  	lose cover RAM: 0G
[    0.004811]  gran_size: 512K 	chunk_size: 2M 	num_reg: 8  	lose cover RAM: 0G
[    0.004814]  gran_size: 512K 	chunk_size: 4M 	num_reg: 8  	lose cover RAM: 0G
[    0.004817]  gran_size: 512K 	chunk_size: 8M 	num_reg: 8  	lose cover RAM: 0G
[    0.004820]  gran_size: 512K 	chunk_size: 16M 	num_reg: 8  	lose cover RAM: 0G
[    0.004823]  gran_size: 512K 	chunk_size: 32M 	num_reg: 8  	lose cover RAM: 0G
[    0.004827]  gran_size: 512K 	chunk_size: 64M 	num_reg: 8  	lose cover RAM: 0G
[    0.004830]  gran_size: 512K 	chunk_size: 128M 	num_reg: 8  	lose cover RAM: 0G
[    0.004833]  gran_size: 512K 	chunk_size: 256M 	num_reg: 8  	lose cover RAM: 0G
[    0.004836]  gran_size: 512K 	chunk_size: 512M 	num_reg: 8  	lose cover RAM: 0G
[    0.004839]  gran_size: 512K 	chunk_size: 1G 	num_reg: 8  	lose cover RAM: 0G
[    0.004842]  gran_size: 512K 	chunk_size: 2G 	num_reg: 8  	lose cover RAM: 0G
[    0.004845]  gran_size: 1M 	chunk_size: 1M 	num_reg: 8  	lose cover RAM: 0G
[    0.004848]  gran_size: 1M 	chunk_size: 2M 	num_reg: 8  	lose cover RAM: 0G
[    0.004851]  gran_size: 1M 	chunk_size: 4M 	num_reg: 8  	lose cover RAM: 0G
[    0.004854]  gran_size: 1M 	chunk_size: 8M 	num_reg: 8  	lose cover RAM: 0G
[    0.004857]  gran_size: 1M 	chunk_size: 16M 	num_reg: 8  	lose cover RAM: 0G
[    0.004860]  gran_size: 1M 	chunk_size: 32M 	num_reg: 8  	lose cover RAM: 0G
[    0.004863]  gran_size: 1M 	chunk_size: 64M 	num_reg: 8  	lose cover RAM: 0G
[    0.004866]  gran_size: 1M 	chunk_size: 128M 	num_reg: 8  	lose cover RAM: 0G
[    0.004870]  gran_size: 1M 	chunk_size: 256M 	num_reg: 8  	lose cover RAM: 0G
[    0.004873]  gran_size: 1M 	chunk_size: 512M 	num_reg: 8  	lose cover RAM: 0G
[    0.004876]  gran_size: 1M 	chunk_size: 1G 	num_reg: 8  	lose cover RAM: 0G
[    0.004879]  gran_size: 1M 	chunk_size: 2G 	num_reg: 8  	lose cover RAM: 0G
[    0.004882]  gran_size: 2M 	chunk_size: 2M 	num_reg: 8  	lose cover RAM: 0G
[    0.004885]  gran_size: 2M 	chunk_size: 4M 	num_reg: 8  	lose cover RAM: 0G
[    0.004888]  gran_size: 2M 	chunk_size: 8M 	num_reg: 8  	lose cover RAM: 0G
[    0.004891]  gran_size: 2M 	chunk_size: 16M 	num_reg: 8  	lose cover RAM: 0G
[    0.004894]  gran_size: 2M 	chunk_size: 32M 	num_reg: 8  	lose cover RAM: 0G
[    0.004897]  gran_size: 2M 	chunk_size: 64M 	num_reg: 8  	lose cover RAM: 0G
[    0.004900]  gran_size: 2M 	chunk_size: 128M 	num_reg: 8  	lose cover RAM: 0G
[    0.004903]  gran_size: 2M 	chunk_size: 256M 	num_reg: 8  	lose cover RAM: 0G
[    0.004906]  gran_size: 2M 	chunk_size: 512M 	num_reg: 8  	lose cover RAM: 0G
[    0.004909]  gran_size: 2M 	chunk_size: 1G 	num_reg: 8  	lose cover RAM: 0G
[    0.004912]  gran_size: 2M 	chunk_size: 2G 	num_reg: 8  	lose cover RAM: 0G
[    0.004915]  gran_size: 4M 	chunk_size: 4M 	num_reg: 8  	lose cover RAM: 0G
[    0.004918]  gran_size: 4M 	chunk_size: 8M 	num_reg: 8  	lose cover RAM: 0G
[    0.004921]  gran_size: 4M 	chunk_size: 16M 	num_reg: 8  	lose cover RAM: 0G
[    0.004924]  gran_size: 4M 	chunk_size: 32M 	num_reg: 8  	lose cover RAM: 0G
[    0.004927]  gran_size: 4M 	chunk_size: 64M 	num_reg: 8  	lose cover RAM: 0G
[    0.004930]  gran_size: 4M 	chunk_size: 128M 	num_reg: 8  	lose cover RAM: 0G
[    0.004933]  gran_size: 4M 	chunk_size: 256M 	num_reg: 8  	lose cover RAM: 0G
[    0.004936]  gran_size: 4M 	chunk_size: 512M 	num_reg: 8  	lose cover RAM: 0G
[    0.004939]  gran_size: 4M 	chunk_size: 1G 	num_reg: 8  	lose cover RAM: 0G
[    0.004942]  gran_size: 4M 	chunk_size: 2G 	num_reg: 8  	lose cover RAM: 0G
[    0.004945]  gran_size: 8M 	chunk_size: 8M 	num_reg: 8  	lose cover RAM: 0G
[    0.004948]  gran_size: 8M 	chunk_size: 16M 	num_reg: 8  	lose cover RAM: 0G
[    0.004951]  gran_size: 8M 	chunk_size: 32M 	num_reg: 8  	lose cover RAM: 0G
[    0.004954]  gran_size: 8M 	chunk_size: 64M 	num_reg: 8  	lose cover RAM: 0G
[    0.004957]  gran_size: 8M 	chunk_size: 128M 	num_reg: 8  	lose cover RAM: 0G
[    0.004960]  gran_size: 8M 	chunk_size: 256M 	num_reg: 8  	lose cover RAM: 0G
[    0.004963]  gran_size: 8M 	chunk_size: 512M 	num_reg: 8  	lose cover RAM: 0G
[    0.004966]  gran_size: 8M 	chunk_size: 1G 	num_reg: 8  	lose cover RAM: 0G
[    0.004969]  gran_size: 8M 	chunk_size: 2G 	num_reg: 8  	lose cover RAM: 0G
[    0.004972]  gran_size: 16M 	chunk_size: 16M 	num_reg: 8  	lose cover RAM: 0G
[    0.004975]  gran_size: 16M 	chunk_size: 32M 	num_reg: 8  	lose cover RAM: 0G
[    0.004978]  gran_size: 16M 	chunk_size: 64M 	num_reg: 8  	lose cover RAM: 0G
[    0.004982]  gran_size: 16M 	chunk_size: 128M 	num_reg: 8  	lose cover RAM: 0G
[    0.004985]  gran_size: 16M 	chunk_size: 256M 	num_reg: 8  	lose cover RAM: 0G
[    0.004988]  gran_size: 16M 	chunk_size: 512M 	num_reg: 8  	lose cover RAM: 0G
[    0.004991]  gran_size: 16M 	chunk_size: 1G 	num_reg: 8  	lose cover RAM: 0G
[    0.004994]  gran_size: 16M 	chunk_size: 2G 	num_reg: 8  	lose cover RAM: 0G
[    0.004997]  gran_size: 32M 	chunk_size: 32M 	num_reg: 8  	lose cover RAM: 0G
[    0.005000]  gran_size: 32M 	chunk_size: 64M 	num_reg: 8  	lose cover RAM: 0G
[    0.005003]  gran_size: 32M 	chunk_size: 128M 	num_reg: 8  	lose cover RAM: 0G
[    0.005006]  gran_size: 32M 	chunk_size: 256M 	num_reg: 8  	lose cover RAM: 0G
[    0.005010]  gran_size: 32M 	chunk_size: 512M 	num_reg: 8  	lose cover RAM: 0G
[    0.005013]  gran_size: 32M 	chunk_size: 1G 	num_reg: 8  	lose cover RAM: 0G
[    0.005016]  gran_size: 32M 	chunk_size: 2G 	num_reg: 8  	lose cover RAM: 0G
[    0.005019]  gran_size: 64M 	chunk_size: 64M 	num_reg: 8  	lose cover RAM: 0G
[    0.005022]  gran_size: 64M 	chunk_size: 128M 	num_reg: 8  	lose cover RAM: 0G
[    0.005025]  gran_size: 64M 	chunk_size: 256M 	num_reg: 8  	lose cover RAM: 0G
[    0.005028]  gran_size: 64M 	chunk_size: 512M 	num_reg: 8  	lose cover RAM: 0G
[    0.005031]  gran_size: 64M 	chunk_size: 1G 	num_reg: 8  	lose cover RAM: 0G
[    0.005034]  gran_size: 64M 	chunk_size: 2G 	num_reg: 8  	lose cover RAM: 0G
[    0.005037]  gran_size: 128M 	chunk_size: 128M 	num_reg: 8  	lose cover RAM: 0G
[    0.005040]  gran_size: 128M 	chunk_size: 256M 	num_reg: 8  	lose cover RAM: 0G
[    0.005043]  gran_size: 128M 	chunk_size: 512M 	num_reg: 8  	lose cover RAM: 0G
[    0.005047]  gran_size: 128M 	chunk_size: 1G 	num_reg: 8  	lose cover RAM: 0G
[    0.005050]  gran_size: 128M 	chunk_size: 2G 	num_reg: 8  	lose cover RAM: 0G
[    0.005053]  gran_size: 256M 	chunk_size: 256M 	num_reg: 8  	lose cover RAM: 0G
[    0.005056]  gran_size: 256M 	chunk_size: 512M 	num_reg: 8  	lose cover RAM: 0G
[    0.005059]  gran_size: 256M 	chunk_size: 1G 	num_reg: 8  	lose cover RAM: 0G
[    0.005062]  gran_size: 256M 	chunk_size: 2G 	num_reg: 8  	lose cover RAM: 0G
[    0.005065]  gran_size: 512M 	chunk_size: 512M 	num_reg: 8  	lose cover RAM: 0G
[    0.005068]  gran_size: 512M 	chunk_size: 1G 	num_reg: 8  	lose cover RAM: 0G
[    0.005071]  gran_size: 512M 	chunk_size: 2G 	num_reg: 8  	lose cover RAM: 0G
[    0.005074]  gran_size: 1G 	chunk_size: 1G 	num_reg: 8  	lose cover RAM: 0G
[    0.005077]  gran_size: 1G 	chunk_size: 2G 	num_reg: 8  	lose cover RAM: 0G
[    0.005081]  gran_size: 2G 	chunk_size: 2G 	num_reg: 7  	lose cover RAM: 1G
[    0.005084] mtrr_cleanup: can not find optimal value
[    0.005085] please specify mtrr_gran_size/mtrr_chunk_size
[    0.005104] e820: update [mem 0xc0000000-0xffffffff] usable ==> reserved
[    0.005120] last_pfn = 0xc0000 max_arch_pfn = 0x400000000
[    0.026620] found SMP MP-table at [mem 0x000f6a70-0x000f6a7f]
[    0.026684] Using GB pages for direct mapping
[    0.026912] RAMDISK: [mem 0x2d917000-0x32c82fff]
[    0.026926] ACPI: Early table checksum verification disabled
[    0.026934] ACPI: RSDP 0x00000000000F6A00 000024 (v02 PTLTD )
[    0.026945] ACPI: XSDT 0x00000000BFEDB633 00005C (v01 INTEL  440BX    06040000 VMW  01324272)
[    0.026959] ACPI: FACP 0x00000000BFEFEE73 0000F4 (v04 INTEL  440BX    06040000 PTL  000F4240)
[    0.026987] ACPI: DSDT 0x00000000BFEDD001 021E72 (v01 PTLTD  Custom   06040000 MSFT 03000001)
[    0.026998] ACPI: FACS 0x00000000BFEFFFC0 000040
[    0.027006] ACPI: FACS 0x00000000BFEFFFC0 000040
[    0.027013] ACPI: BOOT 0x00000000BFEDCFB4 000028 (v01 PTLTD  $SBFTBL$ 06040000  LTP 00000001)
[    0.027022] ACPI: APIC 0x00000000BFEDC872 000742 (v01 PTLTD  ? APIC   06040000  LTP 00000000)
[    0.027030] ACPI: MCFG 0x00000000BFEDC836 00003C (v01 PTLTD  $PCITBL$ 06040000  LTP 00000001)
[    0.027038] ACPI: SRAT 0x00000000BFEDB72F 0008D0 (v02 VMWARE MEMPLUG  06040000 VMW  00000001)
[    0.027047] ACPI: HPET 0x00000000BFEDB6F7 000038 (v01 VMWARE VMW HPET 06040000 VMW  00000001)
[    0.027055] ACPI: WAET 0x00000000BFEDB6CF 000028 (v01 VMWARE VMW WAET 06040000 VMW  00000001)
[    0.027061] ACPI: Reserving FACP table memory at [mem 0xbfefee73-0xbfefef66]
[    0.027065] ACPI: Reserving DSDT table memory at [mem 0xbfedd001-0xbfefee72]
[    0.027067] ACPI: Reserving FACS table memory at [mem 0xbfefffc0-0xbfefffff]
[    0.027069] ACPI: Reserving FACS table memory at [mem 0xbfefffc0-0xbfefffff]
[    0.027070] ACPI: Reserving BOOT table memory at [mem 0xbfedcfb4-0xbfedcfdb]
[    0.027072] ACPI: Reserving APIC table memory at [mem 0xbfedc872-0xbfedcfb3]
[    0.027074] ACPI: Reserving MCFG table memory at [mem 0xbfedc836-0xbfedc871]
[    0.027075] ACPI: Reserving SRAT table memory at [mem 0xbfedb72f-0xbfedbffe]
[    0.027077] ACPI: Reserving HPET table memory at [mem 0xbfedb6f7-0xbfedb72e]
[    0.027079] ACPI: Reserving WAET table memory at [mem 0xbfedb6cf-0xbfedb6f6]
[    0.027160] system APIC only can use physical flat
[    0.027162] Setting APIC routing to physical flat.
[    0.027254] SRAT: PXM 0 -> APIC 0x00 -> Node 0
[    0.027257] SRAT: PXM 0 -> APIC 0x01 -> Node 0
[    0.027258] SRAT: PXM 0 -> APIC 0x02 -> Node 0
[    0.027260] SRAT: PXM 0 -> APIC 0x03 -> Node 0
[    0.027261] SRAT: PXM 0 -> APIC 0x04 -> Node 0
[    0.027262] SRAT: PXM 0 -> APIC 0x05 -> Node 0
[    0.027264] SRAT: PXM 0 -> APIC 0x06 -> Node 0
[    0.027265] SRAT: PXM 0 -> APIC 0x07 -> Node 0
[    0.027266] SRAT: PXM 0 -> APIC 0x08 -> Node 0
[    0.027268] SRAT: PXM 0 -> APIC 0x09 -> Node 0
[    0.027269] SRAT: PXM 0 -> APIC 0x0a -> Node 0
[    0.027270] SRAT: PXM 0 -> APIC 0x0b -> Node 0
[    0.027272] SRAT: PXM 0 -> APIC 0x0c -> Node 0
[    0.027273] SRAT: PXM 0 -> APIC 0x0d -> Node 0
[    0.027275] SRAT: PXM 0 -> APIC 0x0e -> Node 0
[    0.027276] SRAT: PXM 0 -> APIC 0x0f -> Node 0
[    0.027277] SRAT: PXM 0 -> APIC 0x10 -> Node 0
[    0.027279] SRAT: PXM 0 -> APIC 0x11 -> Node 0
[    0.027280] SRAT: PXM 0 -> APIC 0x12 -> Node 0
[    0.027282] SRAT: PXM 0 -> APIC 0x13 -> Node 0
[    0.027283] SRAT: PXM 0 -> APIC 0x14 -> Node 0
[    0.027284] SRAT: PXM 0 -> APIC 0x15 -> Node 0
[    0.027286] SRAT: PXM 0 -> APIC 0x16 -> Node 0
[    0.027287] SRAT: PXM 0 -> APIC 0x17 -> Node 0
[    0.027288] SRAT: PXM 0 -> APIC 0x18 -> Node 0
[    0.027290] SRAT: PXM 0 -> APIC 0x19 -> Node 0
[    0.027291] SRAT: PXM 0 -> APIC 0x1a -> Node 0
[    0.027292] SRAT: PXM 0 -> APIC 0x1b -> Node 0
[    0.027294] SRAT: PXM 0 -> APIC 0x1c -> Node 0
[    0.027295] SRAT: PXM 0 -> APIC 0x1d -> Node 0
[    0.027297] SRAT: PXM 0 -> APIC 0x1e -> Node 0
[    0.027298] SRAT: PXM 0 -> APIC 0x1f -> Node 0
[    0.027299] SRAT: PXM 0 -> APIC 0x20 -> Node 0
[    0.027301] SRAT: PXM 0 -> APIC 0x21 -> Node 0
[    0.027302] SRAT: PXM 0 -> APIC 0x22 -> Node 0
[    0.027303] SRAT: PXM 0 -> APIC 0x23 -> Node 0
[    0.027305] SRAT: PXM 0 -> APIC 0x24 -> Node 0
[    0.027306] SRAT: PXM 0 -> APIC 0x25 -> Node 0
[    0.027307] SRAT: PXM 0 -> APIC 0x26 -> Node 0
[    0.027309] SRAT: PXM 0 -> APIC 0x27 -> Node 0
[    0.027310] SRAT: PXM 0 -> APIC 0x28 -> Node 0
[    0.027312] SRAT: PXM 0 -> APIC 0x29 -> Node 0
[    0.027313] SRAT: PXM 0 -> APIC 0x2a -> Node 0
[    0.027314] SRAT: PXM 0 -> APIC 0x2b -> Node 0
[    0.027316] SRAT: PXM 0 -> APIC 0x2c -> Node 0
[    0.027317] SRAT: PXM 0 -> APIC 0x2d -> Node 0
[    0.027318] SRAT: PXM 0 -> APIC 0x2e -> Node 0
[    0.027320] SRAT: PXM 0 -> APIC 0x2f -> Node 0
[    0.027321] SRAT: PXM 0 -> APIC 0x30 -> Node 0
[    0.027322] SRAT: PXM 0 -> APIC 0x31 -> Node 0
[    0.027324] SRAT: PXM 0 -> APIC 0x32 -> Node 0
[    0.027325] SRAT: PXM 0 -> APIC 0x33 -> Node 0
[    0.027326] SRAT: PXM 0 -> APIC 0x34 -> Node 0
[    0.027328] SRAT: PXM 0 -> APIC 0x35 -> Node 0
[    0.027329] SRAT: PXM 0 -> APIC 0x36 -> Node 0
[    0.027331] SRAT: PXM 0 -> APIC 0x37 -> Node 0
[    0.027332] SRAT: PXM 0 -> APIC 0x38 -> Node 0
[    0.027333] SRAT: PXM 0 -> APIC 0x39 -> Node 0
[    0.027335] SRAT: PXM 0 -> APIC 0x3a -> Node 0
[    0.027336] SRAT: PXM 0 -> APIC 0x3b -> Node 0
[    0.027337] SRAT: PXM 0 -> APIC 0x3c -> Node 0
[    0.027339] SRAT: PXM 0 -> APIC 0x3d -> Node 0
[    0.027340] SRAT: PXM 0 -> APIC 0x3e -> Node 0
[    0.027341] SRAT: PXM 0 -> APIC 0x3f -> Node 0
[    0.027343] SRAT: PXM 0 -> APIC 0x40 -> Node 0
[    0.027344] SRAT: PXM 0 -> APIC 0x41 -> Node 0
[    0.027346] SRAT: PXM 0 -> APIC 0x42 -> Node 0
[    0.027347] SRAT: PXM 0 -> APIC 0x43 -> Node 0
[    0.027348] SRAT: PXM 0 -> APIC 0x44 -> Node 0
[    0.027350] SRAT: PXM 0 -> APIC 0x45 -> Node 0
[    0.027351] SRAT: PXM 0 -> APIC 0x46 -> Node 0
[    0.027352] SRAT: PXM 0 -> APIC 0x47 -> Node 0
[    0.027354] SRAT: PXM 0 -> APIC 0x48 -> Node 0
[    0.027355] SRAT: PXM 0 -> APIC 0x49 -> Node 0
[    0.027357] SRAT: PXM 0 -> APIC 0x4a -> Node 0
[    0.027358] SRAT: PXM 0 -> APIC 0x4b -> Node 0
[    0.027359] SRAT: PXM 0 -> APIC 0x4c -> Node 0
[    0.027361] SRAT: PXM 0 -> APIC 0x4d -> Node 0
[    0.027362] SRAT: PXM 0 -> APIC 0x4e -> Node 0
[    0.027363] SRAT: PXM 0 -> APIC 0x4f -> Node 0
[    0.027365] SRAT: PXM 0 -> APIC 0x50 -> Node 0
[    0.027366] SRAT: PXM 0 -> APIC 0x51 -> Node 0
[    0.027367] SRAT: PXM 0 -> APIC 0x52 -> Node 0
[    0.027369] SRAT: PXM 0 -> APIC 0x53 -> Node 0
[    0.027370] SRAT: PXM 0 -> APIC 0x54 -> Node 0
[    0.027371] SRAT: PXM 0 -> APIC 0x55 -> Node 0
[    0.027373] SRAT: PXM 0 -> APIC 0x56 -> Node 0
[    0.027374] SRAT: PXM 0 -> APIC 0x57 -> Node 0
[    0.027375] SRAT: PXM 0 -> APIC 0x58 -> Node 0
[    0.027377] SRAT: PXM 0 -> APIC 0x59 -> Node 0
[    0.027378] SRAT: PXM 0 -> APIC 0x5a -> Node 0
[    0.027379] SRAT: PXM 0 -> APIC 0x5b -> Node 0
[    0.027381] SRAT: PXM 0 -> APIC 0x5c -> Node 0
[    0.027382] SRAT: PXM 0 -> APIC 0x5d -> Node 0
[    0.027384] SRAT: PXM 0 -> APIC 0x5e -> Node 0
[    0.027385] SRAT: PXM 0 -> APIC 0x5f -> Node 0
[    0.027386] SRAT: PXM 0 -> APIC 0x60 -> Node 0
[    0.027388] SRAT: PXM 0 -> APIC 0x61 -> Node 0
[    0.027389] SRAT: PXM 0 -> APIC 0x62 -> Node 0
[    0.027390] SRAT: PXM 0 -> APIC 0x63 -> Node 0
[    0.027392] SRAT: PXM 0 -> APIC 0x64 -> Node 0
[    0.027393] SRAT: PXM 0 -> APIC 0x65 -> Node 0
[    0.027395] SRAT: PXM 0 -> APIC 0x66 -> Node 0
[    0.027396] SRAT: PXM 0 -> APIC 0x67 -> Node 0
[    0.027397] SRAT: PXM 0 -> APIC 0x68 -> Node 0
[    0.027399] SRAT: PXM 0 -> APIC 0x69 -> Node 0
[    0.027400] SRAT: PXM 0 -> APIC 0x6a -> Node 0
[    0.027401] SRAT: PXM 0 -> APIC 0x6b -> Node 0
[    0.027403] SRAT: PXM 0 -> APIC 0x6c -> Node 0
[    0.027404] SRAT: PXM 0 -> APIC 0x6d -> Node 0
[    0.027405] SRAT: PXM 0 -> APIC 0x6e -> Node 0
[    0.027407] SRAT: PXM 0 -> APIC 0x6f -> Node 0
[    0.027408] SRAT: PXM 0 -> APIC 0x70 -> Node 0
[    0.027409] SRAT: PXM 0 -> APIC 0x71 -> Node 0
[    0.027411] SRAT: PXM 0 -> APIC 0x72 -> Node 0
[    0.027412] SRAT: PXM 0 -> APIC 0x73 -> Node 0
[    0.027413] SRAT: PXM 0 -> APIC 0x74 -> Node 0
[    0.027415] SRAT: PXM 0 -> APIC 0x75 -> Node 0
[    0.027416] SRAT: PXM 0 -> APIC 0x76 -> Node 0
[    0.027417] SRAT: PXM 0 -> APIC 0x77 -> Node 0
[    0.027419] SRAT: PXM 0 -> APIC 0x78 -> Node 0
[    0.027420] SRAT: PXM 0 -> APIC 0x79 -> Node 0
[    0.027421] SRAT: PXM 0 -> APIC 0x7a -> Node 0
[    0.027423] SRAT: PXM 0 -> APIC 0x7b -> Node 0
[    0.027424] SRAT: PXM 0 -> APIC 0x7c -> Node 0
[    0.027426] SRAT: PXM 0 -> APIC 0x7d -> Node 0
[    0.027427] SRAT: PXM 0 -> APIC 0x7e -> Node 0
[    0.027428] SRAT: PXM 0 -> APIC 0x7f -> Node 0
[    0.027434] ACPI: SRAT: Node 0 PXM 0 [mem 0x00000000-0x0009ffff]
[    0.027439] ACPI: SRAT: Node 0 PXM 0 [mem 0x00100000-0xbfffffff]
[    0.027442] ACPI: SRAT: Node 0 PXM 0 [mem 0x100000000-0x23fffffff]
[    0.027444] ACPI: SRAT: Node 0 PXM 0 [mem 0x240000000-0x203fffffff] hotplug
[    0.027449] NUMA: Node 0 [mem 0x00000000-0x0009ffff] + [mem 0x00100000-0xbfffffff] -> [mem 0x00000000-0xbfffffff]
[    0.027453] NUMA: Node 0 [mem 0x00000000-0xbfffffff] + [mem 0x100000000-0x23fffffff] -> [mem 0x00000000-0x23fffffff]
[    0.027470] NODE_DATA(0) allocated [mem 0x23ffd6000-0x23fffffff]
[    0.028184] Zone ranges:
[    0.028185]   DMA      [mem 0x0000000000001000-0x0000000000ffffff]
[    0.028190]   DMA32    [mem 0x0000000001000000-0x00000000ffffffff]
[    0.028193]   Normal   [mem 0x0000000100000000-0x000000023fffffff]
[    0.028195]   Device   empty
[    0.028197] Movable zone start for each node
[    0.028203] Early memory node ranges
[    0.028204]   node   0: [mem 0x0000000000001000-0x000000000009dfff]
[    0.028207]   node   0: [mem 0x0000000000100000-0x00000000bfecffff]
[    0.028209]   node   0: [mem 0x00000000bff00000-0x00000000bfffffff]
[    0.028211]   node   0: [mem 0x0000000100000000-0x000000023fffffff]
[    0.028214] Initmem setup node 0 [mem 0x0000000000001000-0x000000023fffffff]
[    0.028229] On node 0, zone DMA: 1 pages in unavailable ranges
[    0.028360] On node 0, zone DMA: 98 pages in unavailable ranges
[    0.056479] On node 0, zone DMA32: 48 pages in unavailable ranges
[    0.102888] ACPI: PM-Timer IO Port: 0x1008
[    0.102904] system APIC only can use physical flat
[    0.102926] ACPI: LAPIC_NMI (acpi_id[0x00] high edge lint[0x1])
[    0.102930] ACPI: LAPIC_NMI (acpi_id[0x01] high edge lint[0x1])
[    0.102932] ACPI: LAPIC_NMI (acpi_id[0x02] high edge lint[0x1])
[    0.102933] ACPI: LAPIC_NMI (acpi_id[0x03] high edge lint[0x1])
[    0.102935] ACPI: LAPIC_NMI (acpi_id[0x04] high edge lint[0x1])
[    0.102936] ACPI: LAPIC_NMI (acpi_id[0x05] high edge lint[0x1])
[    0.102938] ACPI: LAPIC_NMI (acpi_id[0x06] high edge lint[0x1])
[    0.102939] ACPI: LAPIC_NMI (acpi_id[0x07] high edge lint[0x1])
[    0.102941] ACPI: LAPIC_NMI (acpi_id[0x08] high edge lint[0x1])
[    0.102942] ACPI: LAPIC_NMI (acpi_id[0x09] high edge lint[0x1])
[    0.102944] ACPI: LAPIC_NMI (acpi_id[0x0a] high edge lint[0x1])
[    0.102945] ACPI: LAPIC_NMI (acpi_id[0x0b] high edge lint[0x1])
[    0.102946] ACPI: LAPIC_NMI (acpi_id[0x0c] high edge lint[0x1])
[    0.102948] ACPI: LAPIC_NMI (acpi_id[0x0d] high edge lint[0x1])
[    0.102949] ACPI: LAPIC_NMI (acpi_id[0x0e] high edge lint[0x1])
[    0.102951] ACPI: LAPIC_NMI (acpi_id[0x0f] high edge lint[0x1])
[    0.102952] ACPI: LAPIC_NMI (acpi_id[0x10] high edge lint[0x1])
[    0.102954] ACPI: LAPIC_NMI (acpi_id[0x11] high edge lint[0x1])
[    0.102955] ACPI: LAPIC_NMI (acpi_id[0x12] high edge lint[0x1])
[    0.102957] ACPI: LAPIC_NMI (acpi_id[0x13] high edge lint[0x1])
[    0.102958] ACPI: LAPIC_NMI (acpi_id[0x14] high edge lint[0x1])
[    0.102960] ACPI: LAPIC_NMI (acpi_id[0x15] high edge lint[0x1])
[    0.102961] ACPI: LAPIC_NMI (acpi_id[0x16] high edge lint[0x1])
[    0.102963] ACPI: LAPIC_NMI (acpi_id[0x17] high edge lint[0x1])
[    0.102964] ACPI: LAPIC_NMI (acpi_id[0x18] high edge lint[0x1])
[    0.102965] ACPI: LAPIC_NMI (acpi_id[0x19] high edge lint[0x1])
[    0.102967] ACPI: LAPIC_NMI (acpi_id[0x1a] high edge lint[0x1])
[    0.102968] ACPI: LAPIC_NMI (acpi_id[0x1b] high edge lint[0x1])
[    0.102970] ACPI: LAPIC_NMI (acpi_id[0x1c] high edge lint[0x1])
[    0.102971] ACPI: LAPIC_NMI (acpi_id[0x1d] high edge lint[0x1])
[    0.102972] ACPI: LAPIC_NMI (acpi_id[0x1e] high edge lint[0x1])
[    0.102974] ACPI: LAPIC_NMI (acpi_id[0x1f] high edge lint[0x1])
[    0.102975] ACPI: LAPIC_NMI (acpi_id[0x20] high edge lint[0x1])
[    0.102977] ACPI: LAPIC_NMI (acpi_id[0x21] high edge lint[0x1])
[    0.102978] ACPI: LAPIC_NMI (acpi_id[0x22] high edge lint[0x1])
[    0.102980] ACPI: LAPIC_NMI (acpi_id[0x23] high edge lint[0x1])
[    0.102981] ACPI: LAPIC_NMI (acpi_id[0x24] high edge lint[0x1])
[    0.102982] ACPI: LAPIC_NMI (acpi_id[0x25] high edge lint[0x1])
[    0.102984] ACPI: LAPIC_NMI (acpi_id[0x26] high edge lint[0x1])
[    0.102985] ACPI: LAPIC_NMI (acpi_id[0x27] high edge lint[0x1])
[    0.102987] ACPI: LAPIC_NMI (acpi_id[0x28] high edge lint[0x1])
[    0.102988] ACPI: LAPIC_NMI (acpi_id[0x29] high edge lint[0x1])
[    0.102989] ACPI: LAPIC_NMI (acpi_id[0x2a] high edge lint[0x1])
[    0.102991] ACPI: LAPIC_NMI (acpi_id[0x2b] high edge lint[0x1])
[    0.102992] ACPI: LAPIC_NMI (acpi_id[0x2c] high edge lint[0x1])
[    0.102994] ACPI: LAPIC_NMI (acpi_id[0x2d] high edge lint[0x1])
[    0.102995] ACPI: LAPIC_NMI (acpi_id[0x2e] high edge lint[0x1])
[    0.102996] ACPI: LAPIC_NMI (acpi_id[0x2f] high edge lint[0x1])
[    0.102998] ACPI: LAPIC_NMI (acpi_id[0x30] high edge lint[0x1])
[    0.102999] ACPI: LAPIC_NMI (acpi_id[0x31] high edge lint[0x1])
[    0.103001] ACPI: LAPIC_NMI (acpi_id[0x32] high edge lint[0x1])
[    0.103002] ACPI: LAPIC_NMI (acpi_id[0x33] high edge lint[0x1])
[    0.103004] ACPI: LAPIC_NMI (acpi_id[0x34] high edge lint[0x1])
[    0.103005] ACPI: LAPIC_NMI (acpi_id[0x35] high edge lint[0x1])
[    0.103006] ACPI: LAPIC_NMI (acpi_id[0x36] high edge lint[0x1])
[    0.103008] ACPI: LAPIC_NMI (acpi_id[0x37] high edge lint[0x1])
[    0.103009] ACPI: LAPIC_NMI (acpi_id[0x38] high edge lint[0x1])
[    0.103011] ACPI: LAPIC_NMI (acpi_id[0x39] high edge lint[0x1])
[    0.103012] ACPI: LAPIC_NMI (acpi_id[0x3a] high edge lint[0x1])
[    0.103014] ACPI: LAPIC_NMI (acpi_id[0x3b] high edge lint[0x1])
[    0.103015] ACPI: LAPIC_NMI (acpi_id[0x3c] high edge lint[0x1])
[    0.103017] ACPI: LAPIC_NMI (acpi_id[0x3d] high edge lint[0x1])
[    0.103018] ACPI: LAPIC_NMI (acpi_id[0x3e] high edge lint[0x1])
[    0.103019] ACPI: LAPIC_NMI (acpi_id[0x3f] high edge lint[0x1])
[    0.103021] ACPI: LAPIC_NMI (acpi_id[0x40] high edge lint[0x1])
[    0.103022] ACPI: LAPIC_NMI (acpi_id[0x41] high edge lint[0x1])
[    0.103024] ACPI: LAPIC_NMI (acpi_id[0x42] high edge lint[0x1])
[    0.103025] ACPI: LAPIC_NMI (acpi_id[0x43] high edge lint[0x1])
[    0.103027] ACPI: LAPIC_NMI (acpi_id[0x44] high edge lint[0x1])
[    0.103028] ACPI: LAPIC_NMI (acpi_id[0x45] high edge lint[0x1])
[    0.103029] ACPI: LAPIC_NMI (acpi_id[0x46] high edge lint[0x1])
[    0.103031] ACPI: LAPIC_NMI (acpi_id[0x47] high edge lint[0x1])
[    0.103032] ACPI: LAPIC_NMI (acpi_id[0x48] high edge lint[0x1])
[    0.103034] ACPI: LAPIC_NMI (acpi_id[0x49] high edge lint[0x1])
[    0.103035] ACPI: LAPIC_NMI (acpi_id[0x4a] high edge lint[0x1])
[    0.103036] ACPI: LAPIC_NMI (acpi_id[0x4b] high edge lint[0x1])
[    0.103038] ACPI: LAPIC_NMI (acpi_id[0x4c] high edge lint[0x1])
[    0.103039] ACPI: LAPIC_NMI (acpi_id[0x4d] high edge lint[0x1])
[    0.103041] ACPI: LAPIC_NMI (acpi_id[0x4e] high edge lint[0x1])
[    0.103042] ACPI: LAPIC_NMI (acpi_id[0x4f] high edge lint[0x1])
[    0.103044] ACPI: LAPIC_NMI (acpi_id[0x50] high edge lint[0x1])
[    0.103045] ACPI: LAPIC_NMI (acpi_id[0x51] high edge lint[0x1])
[    0.103046] ACPI: LAPIC_NMI (acpi_id[0x52] high edge lint[0x1])
[    0.103048] ACPI: LAPIC_NMI (acpi_id[0x53] high edge lint[0x1])
[    0.103049] ACPI: LAPIC_NMI (acpi_id[0x54] high edge lint[0x1])
[    0.103051] ACPI: LAPIC_NMI (acpi_id[0x55] high edge lint[0x1])
[    0.103052] ACPI: LAPIC_NMI (acpi_id[0x56] high edge lint[0x1])
[    0.103054] ACPI: LAPIC_NMI (acpi_id[0x57] high edge lint[0x1])
[    0.103055] ACPI: LAPIC_NMI (acpi_id[0x58] high edge lint[0x1])
[    0.103057] ACPI: LAPIC_NMI (acpi_id[0x59] high edge lint[0x1])
[    0.103058] ACPI: LAPIC_NMI (acpi_id[0x5a] high edge lint[0x1])
[    0.103059] ACPI: LAPIC_NMI (acpi_id[0x5b] high edge lint[0x1])
[    0.103061] ACPI: LAPIC_NMI (acpi_id[0x5c] high edge lint[0x1])
[    0.103062] ACPI: LAPIC_NMI (acpi_id[0x5d] high edge lint[0x1])
[    0.103064] ACPI: LAPIC_NMI (acpi_id[0x5e] high edge lint[0x1])
[    0.103065] ACPI: LAPIC_NMI (acpi_id[0x5f] high edge lint[0x1])
[    0.103067] ACPI: LAPIC_NMI (acpi_id[0x60] high edge lint[0x1])
[    0.103068] ACPI: LAPIC_NMI (acpi_id[0x61] high edge lint[0x1])
[    0.103069] ACPI: LAPIC_NMI (acpi_id[0x62] high edge lint[0x1])
[    0.103071] ACPI: LAPIC_NMI (acpi_id[0x63] high edge lint[0x1])
[    0.103072] ACPI: LAPIC_NMI (acpi_id[0x64] high edge lint[0x1])
[    0.103074] ACPI: LAPIC_NMI (acpi_id[0x65] high edge lint[0x1])
[    0.103075] ACPI: LAPIC_NMI (acpi_id[0x66] high edge lint[0x1])
[    0.103076] ACPI: LAPIC_NMI (acpi_id[0x67] high edge lint[0x1])
[    0.103078] ACPI: LAPIC_NMI (acpi_id[0x68] high edge lint[0x1])
[    0.103079] ACPI: LAPIC_NMI (acpi_id[0x69] high edge lint[0x1])
[    0.103081] ACPI: LAPIC_NMI (acpi_id[0x6a] high edge lint[0x1])
[    0.103082] ACPI: LAPIC_NMI (acpi_id[0x6b] high edge lint[0x1])
[    0.103084] ACPI: LAPIC_NMI (acpi_id[0x6c] high edge lint[0x1])
[    0.103085] ACPI: LAPIC_NMI (acpi_id[0x6d] high edge lint[0x1])
[    0.103086] ACPI: LAPIC_NMI (acpi_id[0x6e] high edge lint[0x1])
[    0.103088] ACPI: LAPIC_NMI (acpi_id[0x6f] high edge lint[0x1])
[    0.103089] ACPI: LAPIC_NMI (acpi_id[0x70] high edge lint[0x1])
[    0.103091] ACPI: LAPIC_NMI (acpi_id[0x71] high edge lint[0x1])
[    0.103092] ACPI: LAPIC_NMI (acpi_id[0x72] high edge lint[0x1])
[    0.103093] ACPI: LAPIC_NMI (acpi_id[0x73] high edge lint[0x1])
[    0.103095] ACPI: LAPIC_NMI (acpi_id[0x74] high edge lint[0x1])
[    0.103096] ACPI: LAPIC_NMI (acpi_id[0x75] high edge lint[0x1])
[    0.103098] ACPI: LAPIC_NMI (acpi_id[0x76] high edge lint[0x1])
[    0.103099] ACPI: LAPIC_NMI (acpi_id[0x77] high edge lint[0x1])
[    0.103101] ACPI: LAPIC_NMI (acpi_id[0x78] high edge lint[0x1])
[    0.103102] ACPI: LAPIC_NMI (acpi_id[0x79] high edge lint[0x1])
[    0.103103] ACPI: LAPIC_NMI (acpi_id[0x7a] high edge lint[0x1])
[    0.103105] ACPI: LAPIC_NMI (acpi_id[0x7b] high edge lint[0x1])
[    0.103106] ACPI: LAPIC_NMI (acpi_id[0x7c] high edge lint[0x1])
[    0.103108] ACPI: LAPIC_NMI (acpi_id[0x7d] high edge lint[0x1])
[    0.103109] ACPI: LAPIC_NMI (acpi_id[0x7e] high edge lint[0x1])
[    0.103111] ACPI: LAPIC_NMI (acpi_id[0x7f] high edge lint[0x1])
[    0.103185] IOAPIC[0]: apic_id 128, version 32, address 0xfec00000, GSI 0-23
[    0.103195] ACPI: INT_SRC_OVR (bus 0 bus_irq 0 global_irq 2 high edge)
[    0.103208] ACPI: Using ACPI (MADT) for SMP configuration information
[    0.103211] ACPI: HPET id: 0x8086af01 base: 0xfed00000
[    0.103218] TSC deadline timer available
[    0.103221] smpboot: Allowing 128 CPUs, 124 hotplug CPUs
[    0.103250] PM: hibernation: Registered nosave memory: [mem 0x00000000-0x00000fff]
[    0.103254] PM: hibernation: Registered nosave memory: [mem 0x0009e000-0x0009efff]
[    0.103256] PM: hibernation: Registered nosave memory: [mem 0x0009f000-0x0009ffff]
[    0.103257] PM: hibernation: Registered nosave memory: [mem 0x000a0000-0x000dbfff]
[    0.103259] PM: hibernation: Registered nosave memory: [mem 0x000dc000-0x000fffff]
[    0.103261] PM: hibernation: Registered nosave memory: [mem 0xbfed0000-0xbfefefff]
[    0.103263] PM: hibernation: Registered nosave memory: [mem 0xbfeff000-0xbfefffff]
[    0.103265] PM: hibernation: Registered nosave memory: [mem 0xc0000000-0xefffffff]
[    0.103267] PM: hibernation: Registered nosave memory: [mem 0xf0000000-0xf7ffffff]
[    0.103268] PM: hibernation: Registered nosave memory: [mem 0xf8000000-0xfebfffff]
[    0.103270] PM: hibernation: Registered nosave memory: [mem 0xfec00000-0xfec0ffff]
[    0.103271] PM: hibernation: Registered nosave memory: [mem 0xfec10000-0xfedfffff]
[    0.103272] PM: hibernation: Registered nosave memory: [mem 0xfee00000-0xfee00fff]
[    0.103274] PM: hibernation: Registered nosave memory: [mem 0xfee01000-0xfffdffff]
[    0.103275] PM: hibernation: Registered nosave memory: [mem 0xfffe0000-0xffffffff]
[    0.103278] [mem 0xc0000000-0xefffffff] available for PCI devices
[    0.103280] Booting paravirtualized kernel on VMware hypervisor
[    0.103284] clocksource: refined-jiffies: mask: 0xffffffff max_cycles: 0xffffffff, max_idle_ns: 7645519600211568 ns
[    0.103296] setup_percpu: NR_CPUS:8192 nr_cpumask_bits:128 nr_cpu_ids:128 nr_node_ids:1
[    0.125370] percpu: Embedded 62 pages/cpu s217088 r8192 d28672 u262144
[    0.125400] pcpu-alloc: s217088 r8192 d28672 u262144 alloc=1*2097152
[    0.125406] pcpu-alloc: [0] 000 001 002 003 004 005 006 007 
[    0.125417] pcpu-alloc: [0] 008 009 010 011 012 013 014 015 
[    0.125426] pcpu-alloc: [0] 016 017 018 019 020 021 022 023 
[    0.125435] pcpu-alloc: [0] 024 025 026 027 028 029 030 031 
[    0.125444] pcpu-alloc: [0] 032 033 034 035 036 037 038 039 
[    0.125452] pcpu-alloc: [0] 040 041 042 043 044 045 046 047 
[    0.125461] pcpu-alloc: [0] 048 049 050 051 052 053 054 055 
[    0.125470] pcpu-alloc: [0] 056 057 058 059 060 061 062 063 
[    0.125479] pcpu-alloc: [0] 064 065 066 067 068 069 070 071 
[    0.125487] pcpu-alloc: [0] 072 073 074 075 076 077 078 079 
[    0.125496] pcpu-alloc: [0] 080 081 082 083 084 085 086 087 
[    0.125505] pcpu-alloc: [0] 088 089 090 091 092 093 094 095 
[    0.125513] pcpu-alloc: [0] 096 097 098 099 100 101 102 103 
[    0.125522] pcpu-alloc: [0] 104 105 106 107 108 109 110 111 
[    0.125531] pcpu-alloc: [0] 112 113 114 115 116 117 118 119 
[    0.125540] pcpu-alloc: [0] 120 121 122 123 124 125 126 127 
[    0.125620] Built 1 zonelists, mobility grouping on.  Total pages: 2064080
[    0.125623] Policy zone: Normal
[    0.125653] Kernel command line: BOOT_IMAGE=/boot/vmlinuz-5.15.0-131-generic root=UUID=8d78bc83-644d-46d1-8bf2-6a5bb2fada27 ro find_preseed=/preseed.cfg auto noprompt priority=critical locale=en_US quiet
[    0.125911] Unknown kernel command line parameters "auto noprompt BOOT_IMAGE=/boot/vmlinuz-5.15.0-131-generic find_preseed=/preseed.cfg priority=critical locale=en_US", will be passed to user space.
[    0.125914] printk: log_buf_len individual max cpu contribution: 4096 bytes
[    0.125916] printk: log_buf_len total cpu_extra contributions: 520192 bytes
[    0.125917] printk: log_buf_len min size: 262144 bytes
[    0.129162] printk: log_buf_len: 1048576 bytes
[    0.129165] printk: early log buf free: 227512(86%)
[    0.133898] Dentry cache hash table entries: 1048576 (order: 11, 8388608 bytes, linear)
[    0.136209] Inode-cache hash table entries: 524288 (order: 10, 4194304 bytes, linear)
[    0.142714] mem auto-init: stack:off, heap alloc:on, heap free:off
[    0.197360] Memory: 7997032K/8388020K available (16393K kernel code, 4392K rwdata, 10880K rodata, 3372K init, 18700K bss, 390728K reserved, 0K cma-reserved)
[    0.198910] SLUB: HWalign=64, Order=0-3, MinObjects=0, CPUs=128, Nodes=1
[    0.199059] ftrace: allocating 50292 entries in 197 pages
[    0.254669] ftrace: allocated 197 pages with 4 groups
[    0.256011] rcu: Hierarchical RCU implementation.
[    0.256014] rcu: 	RCU restricting CPUs from NR_CPUS=8192 to nr_cpu_ids=128.
[    0.256017] 	Rude variant of Tasks RCU enabled.
[    0.256018] 	Tracing variant of Tasks RCU enabled.
[    0.256020] rcu: RCU calculated value of scheduler-enlistment delay is 25 jiffies.
[    0.256022] rcu: Adjusting geometry for rcu_fanout_leaf=16, nr_cpu_ids=128
[    0.264392] NR_IRQS: 524544, nr_irqs: 1448, preallocated irqs: 16
[    0.265232] random: crng init done
[    0.269928] Console: colour VGA+ 80x25
[    0.269982] printk: console [tty0] enabled
[    0.270146] ACPI: Core revision 20210730
[    0.271030] clocksource: hpet: mask: 0xffffffff max_cycles: 0xffffffff, max_idle_ns: 133484882848 ns
[    0.271176] APIC: Switch to symmetric I/O mode setup
[    0.271827] x2apic enabled
[    0.272464] Switched APIC routing to physical x2apic.
[    0.274759] ..TIMER: vector=0x30 apic1=0 pin1=2 apic2=-1 pin2=-1
[    0.274815] clocksource: tsc-early: mask: 0xffffffffffffffff max_cycles: 0x2868106e9dd, max_idle_ns: 440795248348 ns
[    0.274829] Calibrating delay loop (skipped) preset value.. 5606.40 BogoMIPS (lpj=11212804)
[    0.274936] Disabled fast string operations
[    0.275120] Last level iTLB entries: 4KB 0, 2MB 0, 4MB 0
[    0.275123] Last level dTLB entries: 4KB 0, 2MB 0, 4MB 0, 1GB 0
[    0.275132] Spectre V1 : Mitigation: usercopy/swapgs barriers and __user pointer sanitization
[    0.275137] Spectre V2 : Spectre BHI mitigation: SW BHB clearing on vm exit
[    0.275138] Spectre V2 : Spectre BHI mitigation: SW BHB clearing on syscall
[    0.275139] Spectre V2 : Mitigation: Enhanced / Automatic IBRS
[    0.275140] Spectre V2 : Spectre v2 / SpectreRSB mitigation: Filling RSB on context switch
[    0.275141] Spectre V2 : Spectre v2 / PBRSB-eIBRS: Retire a single CALL on VMEXIT
[    0.275144] Spectre V2 : mitigation: Enabling conditional Indirect Branch Prediction Barrier
[    0.275147] Speculative Store Bypass: Mitigation: Speculative Store Bypass disabled via prctl and seccomp
[    0.275149] GDS: Unknown: Dependent on hypervisor status
[    0.275289] x86/fpu: Supporting XSAVE feature 0x001: 'x87 floating point registers'
[    0.275292] x86/fpu: Supporting XSAVE feature 0x002: 'SSE registers'
[    0.275293] x86/fpu: Supporting XSAVE feature 0x004: 'AVX registers'
[    0.275295] x86/fpu: Supporting XSAVE feature 0x020: 'AVX-512 opmask'
[    0.275296] x86/fpu: Supporting XSAVE feature 0x040: 'AVX-512 Hi256'
[    0.275298] x86/fpu: Supporting XSAVE feature 0x080: 'AVX-512 ZMM_Hi256'
[    0.275299] x86/fpu: Supporting XSAVE feature 0x200: 'Protection Keys User registers'
[    0.275324] x86/fpu: xstate_offset[2]:  576, xstate_sizes[2]:  256
[    0.275326] x86/fpu: xstate_offset[5]:  832, xstate_sizes[5]:   64
[    0.275328] x86/fpu: xstate_offset[6]:  896, xstate_sizes[6]:  512
[    0.275330] x86/fpu: xstate_offset[7]: 1408, xstate_sizes[7]: 1024
[    0.275331] x86/fpu: xstate_offset[9]: 2432, xstate_sizes[9]:    8
[    0.275333] x86/fpu: Enabled xstate features 0x2e7, context size is 2440 bytes, using 'compacted' format.
[    0.319457] Freeing SMP alternatives memory: 44K
[    0.319466] pid_max: default: 131072 minimum: 1024
[    0.319646] LSM: Security Framework initializing
[    0.319676] landlock: Up and running.
[    0.319677] Yama: becoming mindful.
[    0.319757] AppArmor: AppArmor initialized
[    0.320018] Mount-cache hash table entries: 16384 (order: 5, 131072 bytes, linear)
[    0.320117] Mountpoint-cache hash table entries: 16384 (order: 5, 131072 bytes, linear)
[    0.323014] smpboot: CPU0: 11th Gen Intel(R) Core(TM) i7-1165G7 @ 2.80GHz (family: 0x6, model: 0x8c, stepping: 0x1)
[    0.323215] Performance Events: Icelake events, core PMU driver.
[    0.323254] core: CPUID marked event: 'cpu cycles' unavailable
[    0.323255] core: CPUID marked event: 'instructions' unavailable
[    0.323255] core: CPUID marked event: 'bus cycles' unavailable
[    0.323255] core: CPUID marked event: 'cache references' unavailable
[    0.323256] core: CPUID marked event: 'cache misses' unavailable
[    0.323256] core: CPUID marked event: 'branch instructions' unavailable
[    0.323256] core: CPUID marked event: 'branch misses' unavailable
[    0.323258] ... version:                1
[    0.323259] ... bit width:              48
[    0.323259] ... generic registers:      8
[    0.323259] ... value mask:             0000ffffffffffff
[    0.323260] ... max period:             000000007fffffff
[    0.323260] ... fixed-purpose events:   0
[    0.323261] ... event mask:             0000000f000000ff
[    0.323346] signal: max sigframe size: 3632
[    0.323399] rcu: Hierarchical SRCU implementation.
[    0.323707] NMI watchdog: Perf NMI watchdog permanently disabled
[    0.326348] smp: Bringing up secondary CPUs ...
[    0.326565] x86: Booting SMP configuration:
[    0.326566] .... node  #0, CPUs:          #1
[    0.013610] Disabled fast string operations
[    0.327292]    #2
[    0.013610] Disabled fast string operations
[    0.013610] smpboot: CPU 2 Converting physical 0 to logical die 1
[    0.327822]    #3
[    0.013610] Disabled fast string operations
[    0.328028] smp: Brought up 1 node, 4 CPUs
[    0.328028] smpboot: Max logical packages: 64
[    0.328028] smpboot: Total of 4 processors activated (22425.60 BogoMIPS)
[    0.330877] devtmpfs: initialized
[    0.330882] x86/mm: Memory block size: 128MB
[    0.331310] ACPI: PM: Registering ACPI NVS region [mem 0xbfeff000-0xbfefffff] (4096 bytes)
[    0.331310] clocksource: jiffies: mask: 0xffffffff max_cycles: 0xffffffff, max_idle_ns: 7645041785100000 ns
[    0.331585] futex hash table entries: 32768 (order: 9, 2097152 bytes, linear)
[    0.331774] pinctrl core: initialized pinctrl subsystem
[    0.331911] PM: RTC time: 03:20:41, date: 2025-02-03
[    0.332656] NET: Registered PF_NETLINK/PF_ROUTE protocol family
[    0.333081] DMA: preallocated 1024 KiB GFP_KERNEL pool for atomic allocations
[    0.333422] DMA: preallocated 1024 KiB GFP_KERNEL|GFP_DMA pool for atomic allocations
[    0.333508] DMA: preallocated 1024 KiB GFP_KERNEL|GFP_DMA32 pool for atomic allocations
[    0.333514] audit: initializing netlink subsys (disabled)
[    0.333529] audit: type=2000 audit(1738552841.056:1): state=initialized audit_enabled=0 res=1
[    0.333529] thermal_sys: Registered thermal governor 'fair_share'
[    0.333529] thermal_sys: Registered thermal governor 'bang_bang'
[    0.333529] thermal_sys: Registered thermal governor 'step_wise'
[    0.333529] thermal_sys: Registered thermal governor 'user_space'
[    0.333529] thermal_sys: Registered thermal governor 'power_allocator'
[    0.333529] EISA bus registered
[    0.334849] cpuidle: using governor ladder
[    0.334852] cpuidle: using governor menu
[    0.334879] Simple Boot Flag at 0x36 set to 0x80
[    0.334893] ACPI: bus type PCI registered
[    0.334894] acpiphp: ACPI Hot Plug PCI Controller Driver version: 0.5
[    0.335049] PCI: MMCONFIG for domain 0000 [bus 00-7f] at [mem 0xf0000000-0xf7ffffff] (base 0xf0000000)
[    0.335052] PCI: MMCONFIG at [mem 0xf0000000-0xf7ffffff] reserved in E820
[    0.335059] pmd_set_huge: Cannot satisfy [mem 0xf0000000-0xf0200000] with a huge-page mapping due to MTRR override.
[    0.335210] PCI: Using configuration type 1 for base access
[    0.337339] kprobes: kprobe jump-optimization is enabled. All kprobes are optimized if possible.
[    0.338880] HugeTLB registered 1.00 GiB page size, pre-allocated 0 pages
[    0.338880] HugeTLB registered 2.00 MiB page size, pre-allocated 0 pages
[    0.343056] ACPI: Added _OSI(Module Device)
[    0.343056] ACPI: Added _OSI(Processor Device)
[    0.343056] ACPI: Added _OSI(3.0 _SCP Extensions)
[    0.343056] ACPI: Added _OSI(Processor Aggregator Device)
[    0.343056] ACPI: Added _OSI(Linux-Dell-Video)
[    0.343056] ACPI: Added _OSI(Linux-Lenovo-NV-HDMI-Audio)
[    0.343056] ACPI: Added _OSI(Linux-HPI-Hybrid-Graphics)
[    0.354822] ACPI: 1 ACPI AML tables successfully acquired and loaded
[    0.354822] ACPI: [Firmware Bug]: BIOS _OSI(Linux) query ignored
[    0.362822] ACPI: Interpreter enabled
[    0.362822] ACPI: PM: (supports S0 S1 S4 S5)
[    0.362822] ACPI: Using IOAPIC for interrupt routing
[    0.362822] PCI: Using host bridge windows from ACPI; if necessary, use "pci=nocrs" and report a bug
[    0.362822] PCI: Using E820 reservations for host bridge windows
[    0.365079] ACPI: Enabled 4 GPEs in block 00 to 0F
[    0.498501] ACPI: PCI Root Bridge [PCI0] (domain 0000 [bus 00-7f])
[    0.498516] acpi PNP0A03:00: _OSC: OS supports [ExtendedConfig ASPM ClockPM Segments MSI EDR HPX-Type3]
[    0.498822] acpi PNP0A03:00: _OSC: platform does not support [AER LTR DPC]
[    0.498822] acpi PNP0A03:00: _OSC: OS now controls [PCIeHotplug SHPCHotplug PME PCIeCapability]
[    0.498822] PCI host bridge to bus 0000:00
[    0.498822] pci_bus 0000:00: root bus resource [bus 00-7f]
[    0.498822] pci_bus 0000:00: root bus resource [io  0x0000-0x0cf7 window]
[    0.498822] pci_bus 0000:00: root bus resource [io  0x0d00-0xfeff window]
[    0.498822] pci_bus 0000:00: root bus resource [mem 0x000a0000-0x000bffff window]
[    0.498822] pci_bus 0000:00: root bus resource [mem 0x000d0000-0x000dbfff window]
[    0.498822] pci_bus 0000:00: root bus resource [mem 0xc0000000-0xfebfffff window]
[    0.498822] pci 0000:00:00.0: [8086:7190] type 00 class 0x060000
[    0.498822] pci 0000:00:01.0: [8086:7191] type 01 class 0x060400
[    0.501587] pci 0000:00:07.0: [8086:7110] type 00 class 0x060100
[    0.502822] pci 0000:00:07.1: [8086:7111] type 00 class 0x01018a
[    0.502822] pci 0000:00:07.1: reg 0x20: [io  0x1060-0x106f]
[    0.510831] pci 0000:00:07.1: legacy IDE quirk: reg 0x10: [io  0x01f0-0x01f7]
[    0.510831] pci 0000:00:07.1: legacy IDE quirk: reg 0x14: [io  0x03f6]
[    0.510831] pci 0000:00:07.1: legacy IDE quirk: reg 0x18: [io  0x0170-0x0177]
[    0.510831] pci 0000:00:07.1: legacy IDE quirk: reg 0x1c: [io  0x0376]
[    0.510831] pci 0000:00:07.3: [8086:7113] type 00 class 0x068000
[    0.510831] pci 0000:00:07.3: quirk: [io  0x1000-0x103f] claimed by PIIX4 ACPI
[    0.510831] pci 0000:00:07.3: quirk: [io  0x1040-0x104f] claimed by PIIX4 SMB
[    0.510831] pci 0000:00:07.7: [15ad:0740] type 00 class 0x088000
[    0.511294] pci 0000:00:07.7: reg 0x10: [io  0x1080-0x10bf]
[    0.511649] pci 0000:00:07.7: reg 0x14: [mem 0xfebfe000-0xfebfffff 64bit]
[    0.515527] pci 0000:00:0f.0: [15ad:0405] type 00 class 0x030000
[    0.516554] pci 0000:00:0f.0: reg 0x10: [io  0x1070-0x107f]
[    0.517406] pci 0000:00:0f.0: reg 0x14: [mem 0xe8000000-0xefffffff pref]
[    0.518247] pci 0000:00:0f.0: reg 0x18: [mem 0xfe000000-0xfe7fffff]
[    0.521380] pci 0000:00:0f.0: reg 0x30: [mem 0x00000000-0x00007fff pref]
[    0.521429] pci 0000:00:0f.0: Video device with shadowed ROM at [mem 0x000c0000-0x000dffff]
[    0.522159] pci 0000:00:10.0: [1000:0030] type 00 class 0x010000
[    0.522718] pci 0000:00:10.0: reg 0x10: [io  0x1400-0x14ff]
[    0.523115] pci 0000:00:10.0: reg 0x14: [mem 0xfeba0000-0xfebbffff 64bit]
[    0.523628] pci 0000:00:10.0: reg 0x1c: [mem 0xfebc0000-0xfebdffff 64bit]
[    0.524589] pci 0000:00:10.0: reg 0x30: [mem 0x00000000-0x00003fff pref]
[    0.525317] pci 0000:00:11.0: [15ad:0790] type 01 class 0x060401
[    0.527105] pci 0000:00:15.0: [15ad:07a0] type 01 class 0x060400
[    0.527772] pci 0000:00:15.0: PME# supported from D0 D3hot D3cold
[    0.528190] pci 0000:00:15.1: [15ad:07a0] type 01 class 0x060400
[    0.528862] pci 0000:00:15.1: PME# supported from D0 D3hot D3cold
[    0.529270] pci 0000:00:15.2: [15ad:07a0] type 01 class 0x060400
[    0.529965] pci 0000:00:15.2: PME# supported from D0 D3hot D3cold
[    0.530374] pci 0000:00:15.3: [15ad:07a0] type 01 class 0x060400
[    0.531036] pci 0000:00:15.3: PME# supported from D0 D3hot D3cold
[    0.531442] pci 0000:00:15.4: [15ad:07a0] type 01 class 0x060400
[    0.532117] pci 0000:00:15.4: PME# supported from D0 D3hot D3cold
[    0.532525] pci 0000:00:15.5: [15ad:07a0] type 01 class 0x060400
[    0.533191] pci 0000:00:15.5: PME# supported from D0 D3hot D3cold
[    0.533596] pci 0000:00:15.6: [15ad:07a0] type 01 class 0x060400
[    0.534279] pci 0000:00:15.6: PME# supported from D0 D3hot D3cold
[    0.534705] pci 0000:00:15.7: [15ad:07a0] type 01 class 0x060400
[    0.535410] pci 0000:00:15.7: PME# supported from D0 D3hot D3cold
[    0.536166] pci 0000:00:16.0: [15ad:07a0] type 01 class 0x060400
[    0.536892] pci 0000:00:16.0: PME# supported from D0 D3hot D3cold
[    0.537358] pci 0000:00:16.1: [15ad:07a0] type 01 class 0x060400
[    0.538146] pci 0000:00:16.1: PME# supported from D0 D3hot D3cold
[    0.538619] pci 0000:00:16.2: [15ad:07a0] type 01 class 0x060400
[    0.539389] pci 0000:00:16.2: PME# supported from D0 D3hot D3cold
[    0.539872] pci 0000:00:16.3: [15ad:07a0] type 01 class 0x060400
[    0.540655] pci 0000:00:16.3: PME# supported from D0 D3hot D3cold
[    0.541150] pci 0000:00:16.4: [15ad:07a0] type 01 class 0x060400
[    0.542246] pci 0000:00:16.4: PME# supported from D0 D3hot D3cold
[    0.542771] pci 0000:00:16.5: [15ad:07a0] type 01 class 0x060400
[    0.543681] pci 0000:00:16.5: PME# supported from D0 D3hot D3cold
[    0.544325] pci 0000:00:16.6: [15ad:07a0] type 01 class 0x060400
[    0.545259] pci 0000:00:16.6: PME# supported from D0 D3hot D3cold
[    0.545883] pci 0000:00:16.7: [15ad:07a0] type 01 class 0x060400
[    0.546814] pci 0000:00:16.7: PME# supported from D0 D3hot D3cold
[    0.546814] pci 0000:00:17.0: [15ad:07a0] type 01 class 0x060400
[    0.546814] pci 0000:00:17.0: PME# supported from D0 D3hot D3cold
[    0.546814] pci 0000:00:17.1: [15ad:07a0] type 01 class 0x060400
[    0.546814] pci 0000:00:17.1: PME# supported from D0 D3hot D3cold
[    0.546814] pci 0000:00:17.2: [15ad:07a0] type 01 class 0x060400
[    0.546822] pci 0000:00:17.2: PME# supported from D0 D3hot D3cold
[    0.546822] pci 0000:00:17.3: [15ad:07a0] type 01 class 0x060400
[    0.546822] pci 0000:00:17.3: PME# supported from D0 D3hot D3cold
[    0.546822] pci 0000:00:17.4: [15ad:07a0] type 01 class 0x060400
[    0.551052] pci 0000:00:17.4: PME# supported from D0 D3hot D3cold
[    0.552016] pci 0000:00:17.5: [15ad:07a0] type 01 class 0x060400
[    0.553510] pci 0000:00:17.5: PME# supported from D0 D3hot D3cold
[    0.554441] pci 0000:00:17.6: [15ad:07a0] type 01 class 0x060400
[    0.555909] pci 0000:00:17.6: PME# supported from D0 D3hot D3cold
[    0.556887] pci 0000:00:17.7: [15ad:07a0] type 01 class 0x060400
[    0.558382] pci 0000:00:17.7: PME# supported from D0 D3hot D3cold
[    0.558382] pci 0000:00:18.0: [15ad:07a0] type 01 class 0x060400
[    0.558382] pci 0000:00:18.0: PME# supported from D0 D3hot D3cold
[    0.558382] pci 0000:00:18.1: [15ad:07a0] type 01 class 0x060400
[    0.558822] pci 0000:00:18.1: PME# supported from D0 D3hot D3cold
[    0.558822] pci 0000:00:18.2: [15ad:07a0] type 01 class 0x060400
[    0.558822] pci 0000:00:18.2: PME# supported from D0 D3hot D3cold
[    0.558822] pci 0000:00:18.3: [15ad:07a0] type 01 class 0x060400
[    0.564086] pci 0000:00:18.3: PME# supported from D0 D3hot D3cold
[    0.565067] pci 0000:00:18.4: [15ad:07a0] type 01 class 0x060400
[    0.566606] pci 0000:00:18.4: PME# supported from D0 D3hot D3cold
[    0.566606] pci 0000:00:18.5: [15ad:07a0] type 01 class 0x060400
[    0.566606] pci 0000:00:18.5: PME# supported from D0 D3hot D3cold
[    0.566606] pci 0000:00:18.6: [15ad:07a0] type 01 class 0x060400
[    0.566822] pci 0000:00:18.6: PME# supported from D0 D3hot D3cold
[    0.566822] pci 0000:00:18.7: [15ad:07a0] type 01 class 0x060400
[    0.566822] pci 0000:00:18.7: PME# supported from D0 D3hot D3cold
[    0.573887] pci_bus 0000:01: extended config space not accessible
[    0.585411] pci 0000:00:01.0: PCI bridge to [bus 01]
[    0.585825] pci_bus 0000:02: extended config space not accessible
[    0.586127] acpiphp: Slot [32] registered
[    0.586165] acpiphp: Slot [33] registered
[    0.586204] acpiphp: Slot [34] registered
[    0.586235] acpiphp: Slot [35] registered
[    0.586267] acpiphp: Slot [36] registered
[    0.586297] acpiphp: Slot [37] registered
[    0.586329] acpiphp: Slot [38] registered
[    0.586377] acpiphp: Slot [39] registered
[    0.586408] acpiphp: Slot [40] registered
[    0.586443] acpiphp: Slot [41] registered
[    0.586473] acpiphp: Slot [42] registered
[    0.586594] acpiphp: Slot [43] registered
[    0.586610] acpiphp: Slot [44] registered
[    0.586627] acpiphp: Slot [45] registered
[    0.586642] acpiphp: Slot [46] registered
[    0.586661] acpiphp: Slot [47] registered
[    0.586677] acpiphp: Slot [48] registered
[    0.586693] acpiphp: Slot [49] registered
[    0.586709] acpiphp: Slot [50] registered
[    0.586725] acpiphp: Slot [51] registered
[    0.586741] acpiphp: Slot [52] registered
[    0.586760] acpiphp: Slot [53] registered
[    0.586776] acpiphp: Slot [54] registered
[    0.586792] acpiphp: Slot [55] registered
[    0.586807] acpiphp: Slot [56] registered
[    0.586822] acpiphp: Slot [57] registered
[    0.586822] acpiphp: Slot [58] registered
[    0.586822] acpiphp: Slot [59] registered
[    0.586822] acpiphp: Slot [60] registered
[    0.586822] acpiphp: Slot [61] registered
[    0.586822] acpiphp: Slot [62] registered
[    0.586822] acpiphp: Slot [63] registered
[    0.586822] pci 0000:02:00.0: [15ad:0774] type 00 class 0x0c0300
[    0.586822] pci 0000:02:00.0: reg 0x20: [io  0x2080-0x209f]
[    0.587629] pci 0000:02:01.0: [8086:100f] type 00 class 0x020000
[    0.589169] pci 0000:02:01.0: reg 0x10: [mem 0xfd5c0000-0xfd5dffff 64bit]
[    0.590211] pci 0000:02:01.0: reg 0x18: [mem 0xfdff0000-0xfdffffff 64bit]
[    0.590778] pci 0000:02:01.0: reg 0x20: [io  0x2000-0x203f]
[    0.590822] pci 0000:02:01.0: reg 0x30: [mem 0x00000000-0x0000ffff pref]
[    0.590822] pci 0000:02:01.0: PME# supported from D0 D3hot D3cold
[    0.590822] pci 0000:02:02.0: [1274:1371] type 00 class 0x040100
[    0.590822] pci 0000:02:02.0: reg 0x10: [io  0x2040-0x207f]
[    0.595142] pci 0000:02:03.0: [15ad:0770] type 00 class 0x0c0320
[    0.595475] pci 0000:02:03.0: reg 0x10: [mem 0xfd5ef000-0xfd5effff]
[    0.597994] pci 0000:02:05.0: [15ad:07e0] type 00 class 0x010601
[    0.599469] pci 0000:02:05.0: reg 0x24: [mem 0xfd5ee000-0xfd5eefff]
[    0.599696] pci 0000:02:05.0: reg 0x30: [mem 0x00000000-0x0000ffff pref]
[    0.600013] pci 0000:02:05.0: PME# supported from D3hot
[    0.607675] pci 0000:00:11.0: PCI bridge to [bus 02] (subtractive decode)
[    0.607693] pci 0000:00:11.0:   bridge window [io  0x2000-0x3fff]
[    0.607710] pci 0000:00:11.0:   bridge window [mem 0xfd500000-0xfdffffff]
[    0.607742] pci 0000:00:11.0:   bridge window [mem 0xe7b00000-0xe7ffffff 64bit pref]
[    0.607743] pci 0000:00:11.0:   bridge window [io  0x0000-0x0cf7 window] (subtractive decode)
[    0.607744] pci 0000:00:11.0:   bridge window [io  0x0d00-0xfeff window] (subtractive decode)
[    0.607746] pci 0000:00:11.0:   bridge window [mem 0x000a0000-0x000bffff window] (subtractive decode)
[    0.607746] pci 0000:00:11.0:   bridge window [mem 0x000d0000-0x000dbfff window] (subtractive decode)
[    0.607747] pci 0000:00:11.0:   bridge window [mem 0xc0000000-0xfebfffff window] (subtractive decode)
[    0.610822] pci 0000:00:15.0: PCI bridge to [bus 03]
[    0.610822] pci 0000:00:15.0:   bridge window [io  0x4000-0x4fff]
[    0.610822] pci 0000:00:15.0:   bridge window [mem 0xfd400000-0xfd4fffff]
[    0.610822] pci 0000:00:15.0:   bridge window [mem 0xe7a00000-0xe7afffff 64bit pref]
[    0.621873] pci 0000:00:15.1: PCI bridge to [bus 04]
[    0.621896] pci 0000:00:15.1:   bridge window [io  0x8000-0x8fff]
[    0.621916] pci 0000:00:15.1:   bridge window [mem 0xfd000000-0xfd0fffff]
[    0.621960] pci 0000:00:15.1:   bridge window [mem 0xe7600000-0xe76fffff 64bit pref]
[    0.629562] pci 0000:00:15.2: PCI bridge to [bus 05]
[    0.629597] pci 0000:00:15.2:   bridge window [io  0xc000-0xcfff]
[    0.629621] pci 0000:00:15.2:   bridge window [mem 0xfcc00000-0xfccfffff]
[    0.629662] pci 0000:00:15.2:   bridge window [mem 0xe7200000-0xe72fffff 64bit pref]
[    0.634336] pci 0000:00:15.3: PCI bridge to [bus 06]
[    0.634376] pci 0000:00:15.3:   bridge window [mem 0xfc800000-0xfc8fffff]
[    0.634413] pci 0000:00:15.3:   bridge window [mem 0xe6e00000-0xe6efffff 64bit pref]
[    0.642186] pci 0000:00:15.4: PCI bridge to [bus 07]
[    0.642243] pci 0000:00:15.4:   bridge window [mem 0xfc400000-0xfc4fffff]
[    0.642292] pci 0000:00:15.4:   bridge window [mem 0xe6a00000-0xe6afffff 64bit pref]
[    0.653115] pci 0000:00:15.5: PCI bridge to [bus 08]
[    0.653171] pci 0000:00:15.5:   bridge window [mem 0xfc000000-0xfc0fffff]
[    0.653217] pci 0000:00:15.5:   bridge window [mem 0xe6600000-0xe66fffff 64bit pref]
[    0.659750] pci 0000:00:15.6: PCI bridge to [bus 09]
[    0.659897] pci 0000:00:15.6:   bridge window [mem 0xfbc00000-0xfbcfffff]
[    0.659975] pci 0000:00:15.6:   bridge window [mem 0xe6200000-0xe62fffff 64bit pref]
[    0.670822] pci 0000:00:15.7: PCI bridge to [bus 0a]
[    0.670822] pci 0000:00:15.7:   bridge window [mem 0xfb800000-0xfb8fffff]
[    0.670822] pci 0000:00:15.7:   bridge window [mem 0xe5e00000-0xe5efffff 64bit pref]
[    0.678822] pci 0000:00:16.0: PCI bridge to [bus 0b]
[    0.682838] pci 0000:00:16.0:   bridge window [io  0x5000-0x5fff]
[    0.682862] pci 0000:00:16.0:   bridge window [mem 0xfd300000-0xfd3fffff]
[    0.682910] pci 0000:00:16.0:   bridge window [mem 0xe7900000-0xe79fffff 64bit pref]
[    0.690117] pci 0000:00:16.1: PCI bridge to [bus 0c]
[    0.690170] pci 0000:00:16.1:   bridge window [io  0x9000-0x9fff]
[    0.690210] pci 0000:00:16.1:   bridge window [mem 0xfcf00000-0xfcffffff]
[    0.690285] pci 0000:00:16.1:   bridge window [mem 0xe7500000-0xe75fffff 64bit pref]
[    0.702085] pci 0000:00:16.2: PCI bridge to [bus 0d]
[    0.702134] pci 0000:00:16.2:   bridge window [io  0xd000-0xdfff]
[    0.702173] pci 0000:00:16.2:   bridge window [mem 0xfcb00000-0xfcbfffff]
[    0.702245] pci 0000:00:16.2:   bridge window [mem 0xe7100000-0xe71fffff 64bit pref]
[    0.710550] pci 0000:00:16.3: PCI bridge to [bus 0e]
[    0.710635] pci 0000:00:16.3:   bridge window [mem 0xfc700000-0xfc7fffff]
[    0.710709] pci 0000:00:16.3:   bridge window [mem 0xe6d00000-0xe6dfffff 64bit pref]
[    0.722822] pci 0000:00:16.4: PCI bridge to [bus 0f]
[    0.722822] pci 0000:00:16.4:   bridge window [mem 0xfc300000-0xfc3fffff]
[    0.722822] pci 0000:00:16.4:   bridge window [mem 0xe6900000-0xe69fffff 64bit pref]
[    0.731826] pci 0000:00:16.5: PCI bridge to [bus 10]
[    0.731909] pci 0000:00:16.5:   bridge window [mem 0xfbf00000-0xfbffffff]
[    0.731982] pci 0000:00:16.5:   bridge window [mem 0xe6500000-0xe65fffff 64bit pref]
[    0.738822] pci 0000:00:16.6: PCI bridge to [bus 11]
[    0.738822] pci 0000:00:16.6:   bridge window [mem 0xfbb00000-0xfbbfffff]
[    0.738822] pci 0000:00:16.6:   bridge window [mem 0xe6100000-0xe61fffff 64bit pref]
[    0.749024] pci 0000:00:16.7: PCI bridge to [bus 12]
[    0.749062] pci 0000:00:16.7:   bridge window [mem 0xfb700000-0xfb7fffff]
[    0.749102] pci 0000:00:16.7:   bridge window [mem 0xe5d00000-0xe5dfffff 64bit pref]
[    0.750822] pci 0000:00:17.0: PCI bridge to [bus 13]
[    0.750822] pci 0000:00:17.0:   bridge window [io  0x6000-0x6fff]
[    0.750822] pci 0000:00:17.0:   bridge window [mem 0xfd200000-0xfd2fffff]
[    0.750822] pci 0000:00:17.0:   bridge window [mem 0xe7800000-0xe78fffff 64bit pref]
[    0.758753] pci 0000:00:17.1: PCI bridge to [bus 14]
[    0.758776] pci 0000:00:17.1:   bridge window [io  0xa000-0xafff]
[    0.758795] pci 0000:00:17.1:   bridge window [mem 0xfce00000-0xfcefffff]
[    0.758822] pci 0000:00:17.1:   bridge window [mem 0xe7400000-0xe74fffff 64bit pref]
[    0.762822] pci 0000:00:17.2: PCI bridge to [bus 15]
[    0.762822] pci 0000:00:17.2:   bridge window [io  0xe000-0xefff]
[    0.762822] pci 0000:00:17.2:   bridge window [mem 0xfca00000-0xfcafffff]
[    0.762822] pci 0000:00:17.2:   bridge window [mem 0xe7000000-0xe70fffff 64bit pref]
[    0.768567] pci 0000:00:17.3: PCI bridge to [bus 16]
[    0.768612] pci 0000:00:17.3:   bridge window [mem 0xfc600000-0xfc6fffff]
[    0.768650] pci 0000:00:17.3:   bridge window [mem 0xe6c00000-0xe6cfffff 64bit pref]
[    0.777452] pci 0000:00:17.4: PCI bridge to [bus 17]
[    0.777490] pci 0000:00:17.4:   bridge window [mem 0xfc200000-0xfc2fffff]
[    0.777526] pci 0000:00:17.4:   bridge window [mem 0xe6800000-0xe68fffff 64bit pref]
[    0.779485] pci 0000:00:17.5: PCI bridge to [bus 18]
[    0.779529] pci 0000:00:17.5:   bridge window [mem 0xfbe00000-0xfbefffff]
[    0.779567] pci 0000:00:17.5:   bridge window [mem 0xe6400000-0xe64fffff 64bit pref]
[    0.784447] pci 0000:00:17.6: PCI bridge to [bus 19]
[    0.784487] pci 0000:00:17.6:   bridge window [mem 0xfba00000-0xfbafffff]
[    0.784525] pci 0000:00:17.6:   bridge window [mem 0xe6000000-0xe60fffff 64bit pref]
[    0.789655] pci 0000:00:17.7: PCI bridge to [bus 1a]
[    0.789708] pci 0000:00:17.7:   bridge window [mem 0xfb600000-0xfb6fffff]
[    0.789747] pci 0000:00:17.7:   bridge window [mem 0xe5c00000-0xe5cfffff 64bit pref]
[    0.795257] pci 0000:00:18.0: PCI bridge to [bus 1b]
[    0.795284] pci 0000:00:18.0:   bridge window [io  0x7000-0x7fff]
[    0.795304] pci 0000:00:18.0:   bridge window [mem 0xfd100000-0xfd1fffff]
[    0.795343] pci 0000:00:18.0:   bridge window [mem 0xe7700000-0xe77fffff 64bit pref]
[    0.800659] pci 0000:00:18.1: PCI bridge to [bus 1c]
[    0.800681] pci 0000:00:18.1:   bridge window [io  0xb000-0xbfff]
[    0.800701] pci 0000:00:18.1:   bridge window [mem 0xfcd00000-0xfcdfffff]
[    0.800739] pci 0000:00:18.1:   bridge window [mem 0xe7300000-0xe73fffff 64bit pref]
[    0.810822] pci 0000:00:18.2: PCI bridge to [bus 1d]
[    0.810822] pci 0000:00:18.2:   bridge window [mem 0xfc900000-0xfc9fffff]
[    0.810822] pci 0000:00:18.2:   bridge window [mem 0xe6f00000-0xe6ffffff 64bit pref]
[    0.813327] pci 0000:00:18.3: PCI bridge to [bus 1e]
[    0.813367] pci 0000:00:18.3:   bridge window [mem 0xfc500000-0xfc5fffff]
[    0.813401] pci 0000:00:18.3:   bridge window [mem 0xe6b00000-0xe6bfffff 64bit pref]
[    0.822822] pci 0000:00:18.4: PCI bridge to [bus 1f]
[    0.822822] pci 0000:00:18.4:   bridge window [mem 0xfc100000-0xfc1fffff]
[    0.822822] pci 0000:00:18.4:   bridge window [mem 0xe6700000-0xe67fffff 64bit pref]
[    0.823901] pci 0000:00:18.5: PCI bridge to [bus 20]
[    0.823940] pci 0000:00:18.5:   bridge window [mem 0xfbd00000-0xfbdfffff]
[    0.823977] pci 0000:00:18.5:   bridge window [mem 0xe6300000-0xe63fffff 64bit pref]
[    0.834822] pci 0000:00:18.6: PCI bridge to [bus 21]
[    0.834822] pci 0000:00:18.6:   bridge window [mem 0xfb900000-0xfb9fffff]
[    0.834822] pci 0000:00:18.6:   bridge window [mem 0xe5f00000-0xe5ffffff 64bit pref]
[    0.840222] pci 0000:00:18.7: PCI bridge to [bus 22]
[    0.840253] pci 0000:00:18.7:   bridge window [mem 0xfb500000-0xfb5fffff]
[    0.840282] pci 0000:00:18.7:   bridge window [mem 0xe5b00000-0xe5bfffff 64bit pref]
[    0.842242] ACPI: PCI: Interrupt link LNKA configured for IRQ 9
[    0.842310] ACPI: PCI: Interrupt link LNKB configured for IRQ 11
[    0.842375] ACPI: PCI: Interrupt link LNKC configured for IRQ 10
[    0.842439] ACPI: PCI: Interrupt link LNKD configured for IRQ 7
[    0.862934] iommu: Default domain type: Translated 
[    0.862934] iommu: DMA domain TLB invalidation policy: lazy mode 
[    0.863038] SCSI subsystem initialized
[    0.863075] libata version 3.00 loaded.
[    0.863075] pci 0000:00:0f.0: vgaarb: setting as boot VGA device
[    0.863075] pci 0000:00:0f.0: vgaarb: VGA device added: decodes=io+mem,owns=io+mem,locks=none
[    0.863075] pci 0000:00:0f.0: vgaarb: bridge control possible
[    0.863075] vgaarb: loaded
[    0.863075] ACPI: bus type USB registered
[    0.863075] usbcore: registered new interface driver usbfs
[    0.863075] usbcore: registered new interface driver hub
[    0.863075] usbcore: registered new device driver usb
[    0.863075] pps_core: LinuxPPS API ver. 1 registered
[    0.863075] pps_core: Software ver. 5.3.6 - Copyright 2005-2007 Rodolfo Giometti <giometti@linux.it>
[    0.863075] PTP clock support registered
[    0.863075] EDAC MC: Ver: 3.0.0
[    0.864158] NetLabel: Initializing
[    0.864158] NetLabel:  domain hash size = 128
[    0.864158] NetLabel:  protocols = UNLABELED CIPSOv4 CALIPSO
[    0.864158] NetLabel:  unlabeled traffic allowed by default
[    0.864158] PCI: Using ACPI for IRQ routing
[    0.898822] PCI: pci_cache_line_size set to 64 bytes
[    0.898822] e820: reserve RAM buffer [mem 0x0009e800-0x0009ffff]
[    0.898822] e820: reserve RAM buffer [mem 0xbfed0000-0xbfffffff]
[    0.902902] hpet0: at MMIO 0xfed00000, IRQs 2, 8, 0, 0, 0, 0, 0, 0, 0, 0, 0, 0, 0, 0, 0, 0
[    0.902912] hpet0: 16 comparators, 64-bit 14.318180 MHz counter
[    0.906990] clocksource: Switched to clocksource tsc-early
[    0.925775] VFS: Disk quotas dquot_6.6.0
[    0.925846] VFS: Dquot-cache hash table entries: 512 (order 0, 4096 bytes)
[    0.926161] AppArmor: AppArmor Filesystem Enabled
[    0.926186] pnp: PnP ACPI init
[    0.926509] system 00:00: [io  0x1000-0x103f] has been reserved
[    0.926514] system 00:00: [io  0x1040-0x104f] has been reserved
[    0.926517] system 00:00: [io  0x0cf0-0x0cf1] has been reserved
[    0.926960] system 00:04: [mem 0xfed00000-0xfed003ff] has been reserved
[    0.930332] pnp 00:06: [dma 2]
[    0.930748] system 00:07: [io  0xfce0-0xfcff] has been reserved
[    0.930754] system 00:07: [mem 0xf0000000-0xf7ffffff] has been reserved
[    0.930757] system 00:07: [mem 0xfe800000-0xfe9fffff] has been reserved
[    0.955153] pnp: PnP ACPI: found 8 devices
[    0.964816] clocksource: acpi_pm: mask: 0xffffff max_cycles: 0xffffff, max_idle_ns: 2085701024 ns
[    0.964893] NET: Registered PF_INET protocol family
[    0.965354] IP idents hash table entries: 131072 (order: 8, 1048576 bytes, linear)
[    0.967461] tcp_listen_portaddr_hash hash table entries: 4096 (order: 4, 65536 bytes, linear)
[    0.967683] Table-perturb hash table entries: 65536 (order: 6, 262144 bytes, linear)
[    0.968088] TCP established hash table entries: 65536 (order: 7, 524288 bytes, linear)
[    0.968991] TCP bind hash table entries: 65536 (order: 8, 1048576 bytes, linear)
[    0.969090] TCP: Hash tables configured (established 65536 bind 65536)
[    0.969894] MPTCP token hash table entries: 8192 (order: 5, 196608 bytes, linear)
[    0.969971] UDP hash table entries: 4096 (order: 5, 131072 bytes, linear)
[    0.970050] UDP-Lite hash table entries: 4096 (order: 5, 131072 bytes, linear)
[    0.970227] NET: Registered PF_UNIX/PF_LOCAL protocol family
[    0.970231] NET: Registered PF_XDP protocol family
[    0.970245] pci 0000:00:15.3: bridge window [io  0x1000-0x0fff] to [bus 06] add_size 1000
[    0.970248] pci 0000:00:15.4: bridge window [io  0x1000-0x0fff] to [bus 07] add_size 1000
[    0.970249] pci 0000:00:15.5: bridge window [io  0x1000-0x0fff] to [bus 08] add_size 1000
[    0.970250] pci 0000:00:15.6: bridge window [io  0x1000-0x0fff] to [bus 09] add_size 1000
[    0.970251] pci 0000:00:15.7: bridge window [io  0x1000-0x0fff] to [bus 0a] add_size 1000
[    0.970252] pci 0000:00:16.3: bridge window [io  0x1000-0x0fff] to [bus 0e] add_size 1000
[    0.970253] pci 0000:00:16.4: bridge window [io  0x1000-0x0fff] to [bus 0f] add_size 1000
[    0.970254] pci 0000:00:16.5: bridge window [io  0x1000-0x0fff] to [bus 10] add_size 1000
[    0.970255] pci 0000:00:16.6: bridge window [io  0x1000-0x0fff] to [bus 11] add_size 1000
[    0.970255] pci 0000:00:16.7: bridge window [io  0x1000-0x0fff] to [bus 12] add_size 1000
[    0.970257] pci 0000:00:17.3: bridge window [io  0x1000-0x0fff] to [bus 16] add_size 1000
[    0.970257] pci 0000:00:17.4: bridge window [io  0x1000-0x0fff] to [bus 17] add_size 1000
[    0.970258] pci 0000:00:17.5: bridge window [io  0x1000-0x0fff] to [bus 18] add_size 1000
[    0.970259] pci 0000:00:17.6: bridge window [io  0x1000-0x0fff] to [bus 19] add_size 1000
[    0.970260] pci 0000:00:17.7: bridge window [io  0x1000-0x0fff] to [bus 1a] add_size 1000
[    0.970262] pci 0000:00:18.2: bridge window [io  0x1000-0x0fff] to [bus 1d] add_size 1000
[    0.970263] pci 0000:00:18.3: bridge window [io  0x1000-0x0fff] to [bus 1e] add_size 1000
[    0.970263] pci 0000:00:18.4: bridge window [io  0x1000-0x0fff] to [bus 1f] add_size 1000
[    0.970264] pci 0000:00:18.5: bridge window [io  0x1000-0x0fff] to [bus 20] add_size 1000
[    0.970265] pci 0000:00:18.6: bridge window [io  0x1000-0x0fff] to [bus 21] add_size 1000
[    0.970266] pci 0000:00:18.7: bridge window [io  0x1000-0x0fff] to [bus 22] add_size 1000
[    0.970275] pci 0000:00:10.0: BAR 6: assigned [mem 0xc0000000-0xc0003fff pref]
[    0.970277] pci 0000:00:15.3: BAR 13: no space for [io  size 0x1000]
[    0.970278] pci 0000:00:15.3: BAR 13: failed to assign [io  size 0x1000]
[    0.970279] pci 0000:00:15.4: BAR 13: no space for [io  size 0x1000]
[    0.970280] pci 0000:00:15.4: BAR 13: failed to assign [io  size 0x1000]
[    0.970281] pci 0000:00:15.5: BAR 13: no space for [io  size 0x1000]
[    0.970282] pci 0000:00:15.5: BAR 13: failed to assign [io  size 0x1000]
[    0.970282] pci 0000:00:15.6: BAR 13: no space for [io  size 0x1000]
[    0.970283] pci 0000:00:15.6: BAR 13: failed to assign [io  size 0x1000]
[    0.970284] pci 0000:00:15.7: BAR 13: no space for [io  size 0x1000]
[    0.970285] pci 0000:00:15.7: BAR 13: failed to assign [io  size 0x1000]
[    0.970285] pci 0000:00:16.3: BAR 13: no space for [io  size 0x1000]
[    0.970286] pci 0000:00:16.3: BAR 13: failed to assign [io  size 0x1000]
[    0.970287] pci 0000:00:16.4: BAR 13: no space for [io  size 0x1000]
[    0.970287] pci 0000:00:16.4: BAR 13: failed to assign [io  size 0x1000]
[    0.970288] pci 0000:00:16.5: BAR 13: no space for [io  size 0x1000]
[    0.970289] pci 0000:00:16.5: BAR 13: failed to assign [io  size 0x1000]
[    0.970290] pci 0000:00:16.6: BAR 13: no space for [io  size 0x1000]
[    0.970290] pci 0000:00:16.6: BAR 13: failed to assign [io  size 0x1000]
[    0.970291] pci 0000:00:16.7: BAR 13: no space for [io  size 0x1000]
[    0.970292] pci 0000:00:16.7: BAR 13: failed to assign [io  size 0x1000]
[    0.970292] pci 0000:00:17.3: BAR 13: no space for [io  size 0x1000]
[    0.970293] pci 0000:00:17.3: BAR 13: failed to assign [io  size 0x1000]
[    0.970294] pci 0000:00:17.4: BAR 13: no space for [io  size 0x1000]
[    0.970294] pci 0000:00:17.4: BAR 13: failed to assign [io  size 0x1000]
[    0.970295] pci 0000:00:17.5: BAR 13: no space for [io  size 0x1000]
[    0.970296] pci 0000:00:17.5: BAR 13: failed to assign [io  size 0x1000]
[    0.970297] pci 0000:00:17.6: BAR 13: no space for [io  size 0x1000]
[    0.970298] pci 0000:00:17.6: BAR 13: failed to assign [io  size 0x1000]
[    0.970299] pci 0000:00:17.7: BAR 13: no space for [io  size 0x1000]
[    0.970299] pci 0000:00:17.7: BAR 13: failed to assign [io  size 0x1000]
[    0.970300] pci 0000:00:18.2: BAR 13: no space for [io  size 0x1000]
[    0.970301] pci 0000:00:18.2: BAR 13: failed to assign [io  size 0x1000]
[    0.970301] pci 0000:00:18.3: BAR 13: no space for [io  size 0x1000]
[    0.970302] pci 0000:00:18.3: BAR 13: failed to assign [io  size 0x1000]
[    0.970303] pci 0000:00:18.4: BAR 13: no space for [io  size 0x1000]
[    0.970303] pci 0000:00:18.4: BAR 13: failed to assign [io  size 0x1000]
[    0.970304] pci 0000:00:18.5: BAR 13: no space for [io  size 0x1000]
[    0.970305] pci 0000:00:18.5: BAR 13: failed to assign [io  size 0x1000]
[    0.970306] pci 0000:00:18.6: BAR 13: no space for [io  size 0x1000]
[    0.970306] pci 0000:00:18.6: BAR 13: failed to assign [io  size 0x1000]
[    0.970307] pci 0000:00:18.7: BAR 13: no space for [io  size 0x1000]
[    0.970308] pci 0000:00:18.7: BAR 13: failed to assign [io  size 0x1000]
[    0.970310] pci 0000:00:18.7: BAR 13: no space for [io  size 0x1000]
[    0.970310] pci 0000:00:18.7: BAR 13: failed to assign [io  size 0x1000]
[    0.970311] pci 0000:00:18.6: BAR 13: no space for [io  size 0x1000]
[    0.970312] pci 0000:00:18.6: BAR 13: failed to assign [io  size 0x1000]
[    0.970313] pci 0000:00:18.5: BAR 13: no space for [io  size 0x1000]
[    0.970313] pci 0000:00:18.5: BAR 13: failed to assign [io  size 0x1000]
[    0.970314] pci 0000:00:18.4: BAR 13: no space for [io  size 0x1000]
[    0.970315] pci 0000:00:18.4: BAR 13: failed to assign [io  size 0x1000]
[    0.970316] pci 0000:00:18.3: BAR 13: no space for [io  size 0x1000]
[    0.970316] pci 0000:00:18.3: BAR 13: failed to assign [io  size 0x1000]
[    0.970317] pci 0000:00:18.2: BAR 13: no space for [io  size 0x1000]
[    0.970318] pci 0000:00:18.2: BAR 13: failed to assign [io  size 0x1000]
[    0.970319] pci 0000:00:17.7: BAR 13: no space for [io  size 0x1000]
[    0.970319] pci 0000:00:17.7: BAR 13: failed to assign [io  size 0x1000]
[    0.970320] pci 0000:00:17.6: BAR 13: no space for [io  size 0x1000]
[    0.970321] pci 0000:00:17.6: BAR 13: failed to assign [io  size 0x1000]
[    0.970322] pci 0000:00:17.5: BAR 13: no space for [io  size 0x1000]
[    0.970322] pci 0000:00:17.5: BAR 13: failed to assign [io  size 0x1000]
[    0.970323] pci 0000:00:17.4: BAR 13: no space for [io  size 0x1000]
[    0.970323] pci 0000:00:17.4: BAR 13: failed to assign [io  size 0x1000]
[    0.970324] pci 0000:00:17.3: BAR 13: no space for [io  size 0x1000]
[    0.970325] pci 0000:00:17.3: BAR 13: failed to assign [io  size 0x1000]
[    0.970326] pci 0000:00:16.7: BAR 13: no space for [io  size 0x1000]
[    0.970326] pci 0000:00:16.7: BAR 13: failed to assign [io  size 0x1000]
[    0.970327] pci 0000:00:16.6: BAR 13: no space for [io  size 0x1000]
[    0.970328] pci 0000:00:16.6: BAR 13: failed to assign [io  size 0x1000]
[    0.970329] pci 0000:00:16.5: BAR 13: no space for [io  size 0x1000]
[    0.970329] pci 0000:00:16.5: BAR 13: failed to assign [io  size 0x1000]
[    0.970330] pci 0000:00:16.4: BAR 13: no space for [io  size 0x1000]
[    0.970331] pci 0000:00:16.4: BAR 13: failed to assign [io  size 0x1000]
[    0.970331] pci 0000:00:16.3: BAR 13: no space for [io  size 0x1000]
[    0.970332] pci 0000:00:16.3: BAR 13: failed to assign [io  size 0x1000]
[    0.970333] pci 0000:00:15.7: BAR 13: no space for [io  size 0x1000]
[    0.970333] pci 0000:00:15.7: BAR 13: failed to assign [io  size 0x1000]
[    0.970334] pci 0000:00:15.6: BAR 13: no space for [io  size 0x1000]
[    0.970335] pci 0000:00:15.6: BAR 13: failed to assign [io  size 0x1000]
[    0.970336] pci 0000:00:15.5: BAR 13: no space for [io  size 0x1000]
[    0.970336] pci 0000:00:15.5: BAR 13: failed to assign [io  size 0x1000]
[    0.970337] pci 0000:00:15.4: BAR 13: no space for [io  size 0x1000]
[    0.970338] pci 0000:00:15.4: BAR 13: failed to assign [io  size 0x1000]
[    0.970338] pci 0000:00:15.3: BAR 13: no space for [io  size 0x1000]
[    0.970339] pci 0000:00:15.3: BAR 13: failed to assign [io  size 0x1000]
[    0.970340] pci 0000:00:01.0: PCI bridge to [bus 01]
[    0.970441] pci 0000:02:01.0: BAR 6: assigned [mem 0xfd500000-0xfd50ffff pref]
[    0.970442] pci 0000:02:05.0: BAR 6: assigned [mem 0xfd510000-0xfd51ffff pref]
[    0.970444] pci 0000:00:11.0: PCI bridge to [bus 02]
[    0.970456] pci 0000:00:11.0:   bridge window [io  0x2000-0x3fff]
[    0.970484] pci 0000:00:11.0:   bridge window [mem 0xfd500000-0xfdffffff]
[    0.970500] pci 0000:00:11.0:   bridge window [mem 0xe7b00000-0xe7ffffff 64bit pref]
[    0.970549] pci 0000:00:15.0: PCI bridge to [bus 03]
[    0.970565] pci 0000:00:15.0:   bridge window [io  0x4000-0x4fff]
[    0.970601] pci 0000:00:15.0:   bridge window [mem 0xfd400000-0xfd4fffff]
[    0.970625] pci 0000:00:15.0:   bridge window [mem 0xe7a00000-0xe7afffff 64bit pref]
[    0.970709] pci 0000:00:15.1: PCI bridge to [bus 04]
[    0.970733] pci 0000:00:15.1:   bridge window [io  0x8000-0x8fff]
[    0.970768] pci 0000:00:15.1:   bridge window [mem 0xfd000000-0xfd0fffff]
[    0.970792] pci 0000:00:15.1:   bridge window [mem 0xe7600000-0xe76fffff 64bit pref]
[    0.970848] pci 0000:00:15.2: PCI bridge to [bus 05]
[    0.970861] pci 0000:00:15.2:   bridge window [io  0xc000-0xcfff]
[    0.970897] pci 0000:00:15.2:   bridge window [mem 0xfcc00000-0xfccfffff]
[    0.970920] pci 0000:00:15.2:   bridge window [mem 0xe7200000-0xe72fffff 64bit pref]
[    0.970975] pci 0000:00:15.3: PCI bridge to [bus 06]
[    0.971011] pci 0000:00:15.3:   bridge window [mem 0xfc800000-0xfc8fffff]
[    0.971034] pci 0000:00:15.3:   bridge window [mem 0xe6e00000-0xe6efffff 64bit pref]
[    0.971089] pci 0000:00:15.4: PCI bridge to [bus 07]
[    0.971125] pci 0000:00:15.4:   bridge window [mem 0xfc400000-0xfc4fffff]
[    0.971149] pci 0000:00:15.4:   bridge window [mem 0xe6a00000-0xe6afffff 64bit pref]
[    0.971203] pci 0000:00:15.5: PCI bridge to [bus 08]
[    0.971239] pci 0000:00:15.5:   bridge window [mem 0xfc000000-0xfc0fffff]
[    0.971263] pci 0000:00:15.5:   bridge window [mem 0xe6600000-0xe66fffff 64bit pref]
[    0.971317] pci 0000:00:15.6: PCI bridge to [bus 09]
[    0.971352] pci 0000:00:15.6:   bridge window [mem 0xfbc00000-0xfbcfffff]
[    0.971376] pci 0000:00:15.6:   bridge window [mem 0xe6200000-0xe62fffff 64bit pref]
[    0.971441] pci 0000:00:15.7: PCI bridge to [bus 0a]
[    0.971477] pci 0000:00:15.7:   bridge window [mem 0xfb800000-0xfb8fffff]
[    0.971500] pci 0000:00:15.7:   bridge window [mem 0xe5e00000-0xe5efffff 64bit pref]
[    0.971555] pci 0000:00:16.0: PCI bridge to [bus 0b]
[    0.971569] pci 0000:00:16.0:   bridge window [io  0x5000-0x5fff]
[    0.971604] pci 0000:00:16.0:   bridge window [mem 0xfd300000-0xfd3fffff]
[    0.971627] pci 0000:00:16.0:   bridge window [mem 0xe7900000-0xe79fffff 64bit pref]
[    0.971682] pci 0000:00:16.1: PCI bridge to [bus 0c]
[    0.971696] pci 0000:00:16.1:   bridge window [io  0x9000-0x9fff]
[    0.971731] pci 0000:00:16.1:   bridge window [mem 0xfcf00000-0xfcffffff]
[    0.971754] pci 0000:00:16.1:   bridge window [mem 0xe7500000-0xe75fffff 64bit pref]
[    0.971809] pci 0000:00:16.2: PCI bridge to [bus 0d]
[    0.971822] pci 0000:00:16.2:   bridge window [io  0xd000-0xdfff]
[    0.971857] pci 0000:00:16.2:   bridge window [mem 0xfcb00000-0xfcbfffff]
[    0.971881] pci 0000:00:16.2:   bridge window [mem 0xe7100000-0xe71fffff 64bit pref]
[    0.971935] pci 0000:00:16.3: PCI bridge to [bus 0e]
[    0.971970] pci 0000:00:16.3:   bridge window [mem 0xfc700000-0xfc7fffff]
[    0.971994] pci 0000:00:16.3:   bridge window [mem 0xe6d00000-0xe6dfffff 64bit pref]
[    0.972048] pci 0000:00:16.4: PCI bridge to [bus 0f]
[    0.972084] pci 0000:00:16.4:   bridge window [mem 0xfc300000-0xfc3fffff]
[    0.972107] pci 0000:00:16.4:   bridge window [mem 0xe6900000-0xe69fffff 64bit pref]
[    0.972162] pci 0000:00:16.5: PCI bridge to [bus 10]
[    0.972197] pci 0000:00:16.5:   bridge window [mem 0xfbf00000-0xfbffffff]
[    0.972221] pci 0000:00:16.5:   bridge window [mem 0xe6500000-0xe65fffff 64bit pref]
[    0.972275] pci 0000:00:16.6: PCI bridge to [bus 11]
[    0.972311] pci 0000:00:16.6:   bridge window [mem 0xfbb00000-0xfbbfffff]
[    0.972335] pci 0000:00:16.6:   bridge window [mem 0xe6100000-0xe61fffff 64bit pref]
[    0.972398] pci 0000:00:16.7: PCI bridge to [bus 12]
[    0.972433] pci 0000:00:16.7:   bridge window [mem 0xfb700000-0xfb7fffff]
[    0.972457] pci 0000:00:16.7:   bridge window [mem 0xe5d00000-0xe5dfffff 64bit pref]
[    0.972511] pci 0000:00:17.0: PCI bridge to [bus 13]
[    0.972525] pci 0000:00:17.0:   bridge window [io  0x6000-0x6fff]
[    0.972560] pci 0000:00:17.0:   bridge window [mem 0xfd200000-0xfd2fffff]
[    0.972586] pci 0000:00:17.0:   bridge window [mem 0xe7800000-0xe78fffff 64bit pref]
[    0.972640] pci 0000:00:17.1: PCI bridge to [bus 14]
[    0.972653] pci 0000:00:17.1:   bridge window [io  0xa000-0xafff]
[    0.972689] pci 0000:00:17.1:   bridge window [mem 0xfce00000-0xfcefffff]
[    0.972713] pci 0000:00:17.1:   bridge window [mem 0xe7400000-0xe74fffff 64bit pref]
[    0.972767] pci 0000:00:17.2: PCI bridge to [bus 15]
[    0.972780] pci 0000:00:17.2:   bridge window [io  0xe000-0xefff]
[    0.972813] pci 0000:00:17.2:   bridge window [mem 0xfca00000-0xfcafffff]
[    0.972828] pci 0000:00:17.2:   bridge window [mem 0xe7000000-0xe70fffff 64bit pref]
[    0.972861] pci 0000:00:17.3: PCI bridge to [bus 16]
[    0.972882] pci 0000:00:17.3:   bridge window [mem 0xfc600000-0xfc6fffff]
[    0.972897] pci 0000:00:17.3:   bridge window [mem 0xe6c00000-0xe6cfffff 64bit pref]
[    0.972930] pci 0000:00:17.4: PCI bridge to [bus 17]
[    0.972951] pci 0000:00:17.4:   bridge window [mem 0xfc200000-0xfc2fffff]
[    0.972966] pci 0000:00:17.4:   bridge window [mem 0xe6800000-0xe68fffff 64bit pref]
[    0.972999] pci 0000:00:17.5: PCI bridge to [bus 18]
[    0.973020] pci 0000:00:17.5:   bridge window [mem 0xfbe00000-0xfbefffff]
[    0.973035] pci 0000:00:17.5:   bridge window [mem 0xe6400000-0xe64fffff 64bit pref]
[    0.973068] pci 0000:00:17.6: PCI bridge to [bus 19]
[    0.973089] pci 0000:00:17.6:   bridge window [mem 0xfba00000-0xfbafffff]
[    0.973104] pci 0000:00:17.6:   bridge window [mem 0xe6000000-0xe60fffff 64bit pref]
[    0.973143] pci 0000:00:17.7: PCI bridge to [bus 1a]
[    0.973165] pci 0000:00:17.7:   bridge window [mem 0xfb600000-0xfb6fffff]
[    0.973179] pci 0000:00:17.7:   bridge window [mem 0xe5c00000-0xe5cfffff 64bit pref]
[    0.973212] pci 0000:00:18.0: PCI bridge to [bus 1b]
[    0.973220] pci 0000:00:18.0:   bridge window [io  0x7000-0x7fff]
[    0.973242] pci 0000:00:18.0:   bridge window [mem 0xfd100000-0xfd1fffff]
[    0.973256] pci 0000:00:18.0:   bridge window [mem 0xe7700000-0xe77fffff 64bit pref]
[    0.973290] pci 0000:00:18.1: PCI bridge to [bus 1c]
[    0.973298] pci 0000:00:18.1:   bridge window [io  0xb000-0xbfff]
[    0.973320] pci 0000:00:18.1:   bridge window [mem 0xfcd00000-0xfcdfffff]
[    0.973334] pci 0000:00:18.1:   bridge window [mem 0xe7300000-0xe73fffff 64bit pref]
[    0.973367] pci 0000:00:18.2: PCI bridge to [bus 1d]
[    0.973407] pci 0000:00:18.2:   bridge window [mem 0xfc900000-0xfc9fffff]
[    0.973426] pci 0000:00:18.2:   bridge window [mem 0xe6f00000-0xe6ffffff 64bit pref]
[    0.973463] pci 0000:00:18.3: PCI bridge to [bus 1e]
[    0.973487] pci 0000:00:18.3:   bridge window [mem 0xfc500000-0xfc5fffff]
[    0.973504] pci 0000:00:18.3:   bridge window [mem 0xe6b00000-0xe6bfffff 64bit pref]
[    0.973561] pci 0000:00:18.4: PCI bridge to [bus 1f]
[    0.973586] pci 0000:00:18.4:   bridge window [mem 0xfc100000-0xfc1fffff]
[    0.973603] pci 0000:00:18.4:   bridge window [mem 0xe6700000-0xe67fffff 64bit pref]
[    0.973656] pci 0000:00:18.5: PCI bridge to [bus 20]
[    0.973681] pci 0000:00:18.5:   bridge window [mem 0xfbd00000-0xfbdfffff]
[    0.973697] pci 0000:00:18.5:   bridge window [mem 0xe6300000-0xe63fffff 64bit pref]
[    0.973736] pci 0000:00:18.6: PCI bridge to [bus 21]
[    0.973760] pci 0000:00:18.6:   bridge window [mem 0xfb900000-0xfb9fffff]
[    0.973779] pci 0000:00:18.6:   bridge window [mem 0xe5f00000-0xe5ffffff 64bit pref]
[    0.973815] pci 0000:00:18.7: PCI bridge to [bus 22]
[    0.973837] pci 0000:00:18.7:   bridge window [mem 0xfb500000-0xfb5fffff]
[    0.973852] pci 0000:00:18.7:   bridge window [mem 0xe5b00000-0xe5bfffff 64bit pref]
[    0.973886] pci_bus 0000:00: resource 4 [io  0x0000-0x0cf7 window]
[    0.973887] pci_bus 0000:00: resource 5 [io  0x0d00-0xfeff window]
[    0.973888] pci_bus 0000:00: resource 6 [mem 0x000a0000-0x000bffff window]
[    0.973888] pci_bus 0000:00: resource 7 [mem 0x000d0000-0x000dbfff window]
[    0.973889] pci_bus 0000:00: resource 8 [mem 0xc0000000-0xfebfffff window]
[    0.973890] pci_bus 0000:02: resource 0 [io  0x2000-0x3fff]
[    0.973891] pci_bus 0000:02: resource 1 [mem 0xfd500000-0xfdffffff]
[    0.973892] pci_bus 0000:02: resource 2 [mem 0xe7b00000-0xe7ffffff 64bit pref]
[    0.973892] pci_bus 0000:02: resource 4 [io  0x0000-0x0cf7 window]
[    0.973893] pci_bus 0000:02: resource 5 [io  0x0d00-0xfeff window]
[    0.973893] pci_bus 0000:02: resource 6 [mem 0x000a0000-0x000bffff window]
[    0.973894] pci_bus 0000:02: resource 7 [mem 0x000d0000-0x000dbfff window]
[    0.973895] pci_bus 0000:02: resource 8 [mem 0xc0000000-0xfebfffff window]
[    0.973896] pci_bus 0000:03: resource 0 [io  0x4000-0x4fff]
[    0.973897] pci_bus 0000:03: resource 1 [mem 0xfd400000-0xfd4fffff]
[    0.973897] pci_bus 0000:03: resource 2 [mem 0xe7a00000-0xe7afffff 64bit pref]
[    0.973898] pci_bus 0000:04: resource 0 [io  0x8000-0x8fff]
[    0.973899] pci_bus 0000:04: resource 1 [mem 0xfd000000-0xfd0fffff]
[    0.973899] pci_bus 0000:04: resource 2 [mem 0xe7600000-0xe76fffff 64bit pref]
[    0.973900] pci_bus 0000:05: resource 0 [io  0xc000-0xcfff]
[    0.973901] pci_bus 0000:05: resource 1 [mem 0xfcc00000-0xfccfffff]
[    0.973901] pci_bus 0000:05: resource 2 [mem 0xe7200000-0xe72fffff 64bit pref]
[    0.973902] pci_bus 0000:06: resource 1 [mem 0xfc800000-0xfc8fffff]
[    0.973902] pci_bus 0000:06: resource 2 [mem 0xe6e00000-0xe6efffff 64bit pref]
[    0.973904] pci_bus 0000:07: resource 1 [mem 0xfc400000-0xfc4fffff]
[    0.973904] pci_bus 0000:07: resource 2 [mem 0xe6a00000-0xe6afffff 64bit pref]
[    0.973905] pci_bus 0000:08: resource 1 [mem 0xfc000000-0xfc0fffff]
[    0.973906] pci_bus 0000:08: resource 2 [mem 0xe6600000-0xe66fffff 64bit pref]
[    0.973906] pci_bus 0000:09: resource 1 [mem 0xfbc00000-0xfbcfffff]
[    0.973907] pci_bus 0000:09: resource 2 [mem 0xe6200000-0xe62fffff 64bit pref]
[    0.973908] pci_bus 0000:0a: resource 1 [mem 0xfb800000-0xfb8fffff]
[    0.973908] pci_bus 0000:0a: resource 2 [mem 0xe5e00000-0xe5efffff 64bit pref]
[    0.973909] pci_bus 0000:0b: resource 0 [io  0x5000-0x5fff]
[    0.973909] pci_bus 0000:0b: resource 1 [mem 0xfd300000-0xfd3fffff]
[    0.973910] pci_bus 0000:0b: resource 2 [mem 0xe7900000-0xe79fffff 64bit pref]
[    0.973911] pci_bus 0000:0c: resource 0 [io  0x9000-0x9fff]
[    0.973911] pci_bus 0000:0c: resource 1 [mem 0xfcf00000-0xfcffffff]
[    0.973912] pci_bus 0000:0c: resource 2 [mem 0xe7500000-0xe75fffff 64bit pref]
[    0.973913] pci_bus 0000:0d: resource 0 [io  0xd000-0xdfff]
[    0.973913] pci_bus 0000:0d: resource 1 [mem 0xfcb00000-0xfcbfffff]
[    0.973914] pci_bus 0000:0d: resource 2 [mem 0xe7100000-0xe71fffff 64bit pref]
[    0.973914] pci_bus 0000:0e: resource 1 [mem 0xfc700000-0xfc7fffff]
[    0.973915] pci_bus 0000:0e: resource 2 [mem 0xe6d00000-0xe6dfffff 64bit pref]
[    0.973916] pci_bus 0000:0f: resource 1 [mem 0xfc300000-0xfc3fffff]
[    0.973916] pci_bus 0000:0f: resource 2 [mem 0xe6900000-0xe69fffff 64bit pref]
[    0.973917] pci_bus 0000:10: resource 1 [mem 0xfbf00000-0xfbffffff]
[    0.973918] pci_bus 0000:10: resource 2 [mem 0xe6500000-0xe65fffff 64bit pref]
[    0.973918] pci_bus 0000:11: resource 1 [mem 0xfbb00000-0xfbbfffff]
[    0.973919] pci_bus 0000:11: resource 2 [mem 0xe6100000-0xe61fffff 64bit pref]
[    0.973919] pci_bus 0000:12: resource 1 [mem 0xfb700000-0xfb7fffff]
[    0.973920] pci_bus 0000:12: resource 2 [mem 0xe5d00000-0xe5dfffff 64bit pref]
[    0.973921] pci_bus 0000:13: resource 0 [io  0x6000-0x6fff]
[    0.973921] pci_bus 0000:13: resource 1 [mem 0xfd200000-0xfd2fffff]
[    0.973922] pci_bus 0000:13: resource 2 [mem 0xe7800000-0xe78fffff 64bit pref]
[    0.973922] pci_bus 0000:14: resource 0 [io  0xa000-0xafff]
[    0.973923] pci_bus 0000:14: resource 1 [mem 0xfce00000-0xfcefffff]
[    0.973924] pci_bus 0000:14: resource 2 [mem 0xe7400000-0xe74fffff 64bit pref]
[    0.973924] pci_bus 0000:15: resource 0 [io  0xe000-0xefff]
[    0.973925] pci_bus 0000:15: resource 1 [mem 0xfca00000-0xfcafffff]
[    0.973925] pci_bus 0000:15: resource 2 [mem 0xe7000000-0xe70fffff 64bit pref]
[    0.973926] pci_bus 0000:16: resource 1 [mem 0xfc600000-0xfc6fffff]
[    0.973927] pci_bus 0000:16: resource 2 [mem 0xe6c00000-0xe6cfffff 64bit pref]
[    0.973927] pci_bus 0000:17: resource 1 [mem 0xfc200000-0xfc2fffff]
[    0.973928] pci_bus 0000:17: resource 2 [mem 0xe6800000-0xe68fffff 64bit pref]
[    0.973929] pci_bus 0000:18: resource 1 [mem 0xfbe00000-0xfbefffff]
[    0.973929] pci_bus 0000:18: resource 2 [mem 0xe6400000-0xe64fffff 64bit pref]
[    0.973930] pci_bus 0000:19: resource 1 [mem 0xfba00000-0xfbafffff]
[    0.973931] pci_bus 0000:19: resource 2 [mem 0xe6000000-0xe60fffff 64bit pref]
[    0.973931] pci_bus 0000:1a: resource 1 [mem 0xfb600000-0xfb6fffff]
[    0.973932] pci_bus 0000:1a: resource 2 [mem 0xe5c00000-0xe5cfffff 64bit pref]
[    0.973933] pci_bus 0000:1b: resource 0 [io  0x7000-0x7fff]
[    0.973933] pci_bus 0000:1b: resource 1 [mem 0xfd100000-0xfd1fffff]
[    0.973934] pci_bus 0000:1b: resource 2 [mem 0xe7700000-0xe77fffff 64bit pref]
[    0.973934] pci_bus 0000:1c: resource 0 [io  0xb000-0xbfff]
[    0.973935] pci_bus 0000:1c: resource 1 [mem 0xfcd00000-0xfcdfffff]
[    0.973935] pci_bus 0000:1c: resource 2 [mem 0xe7300000-0xe73fffff 64bit pref]
[    0.973936] pci_bus 0000:1d: resource 1 [mem 0xfc900000-0xfc9fffff]
[    0.973937] pci_bus 0000:1d: resource 2 [mem 0xe6f00000-0xe6ffffff 64bit pref]
[    0.973937] pci_bus 0000:1e: resource 1 [mem 0xfc500000-0xfc5fffff]
[    0.973938] pci_bus 0000:1e: resource 2 [mem 0xe6b00000-0xe6bfffff 64bit pref]
[    0.973939] pci_bus 0000:1f: resource 1 [mem 0xfc100000-0xfc1fffff]
[    0.973939] pci_bus 0000:1f: resource 2 [mem 0xe6700000-0xe67fffff 64bit pref]
[    0.973940] pci_bus 0000:20: resource 1 [mem 0xfbd00000-0xfbdfffff]
[    0.973940] pci_bus 0000:20: resource 2 [mem 0xe6300000-0xe63fffff 64bit pref]
[    0.973941] pci_bus 0000:21: resource 1 [mem 0xfb900000-0xfb9fffff]
[    0.973942] pci_bus 0000:21: resource 2 [mem 0xe5f00000-0xe5ffffff 64bit pref]
[    0.973942] pci_bus 0000:22: resource 1 [mem 0xfb500000-0xfb5fffff]
[    0.973943] pci_bus 0000:22: resource 2 [mem 0xe5b00000-0xe5bfffff 64bit pref]
[    0.974083] pci 0000:00:00.0: Limiting direct PCI/PCI transfers
[    0.974976] pci 0000:02:01.0: CLS mismatch (32 != 64), using 64 bytes
[    0.975401] PCI-DMA: Using software bounce buffering for IO (SWIOTLB)
[    0.975402] software IO TLB: mapped [mem 0x00000000bbed0000-0x00000000bfed0000] (64MB)
[    0.975437] clocksource: tsc: mask: 0xffffffffffffffff max_cycles: 0x2868106e9dd, max_idle_ns: 440795248348 ns
[    0.975598] clocksource: Switched to clocksource tsc
[    0.975862] Trying to unpack rootfs image as initramfs...
[    0.977637] Initialise system trusted keyrings
[    0.977649] Key type blacklist registered
[    0.977920] workingset: timestamp_bits=36 max_order=21 bucket_order=0
[    0.978552] zbud: loaded
[    0.978749] squashfs: version 4.0 (2009/01/31) Phillip Lougher
[    0.979291] fuse: init (API version 7.34)
[    0.980137] integrity: Platform Keyring initialized
[    0.991608] Key type asymmetric registered
[    0.991611] Asymmetric key parser 'x509' registered
[    0.991661] Block layer SCSI generic (bsg) driver version 0.4 loaded (major 243)
[    0.991943] io scheduler mq-deadline registered
[    0.993183] pcieport 0000:00:15.0: PME: Signaling with IRQ 24
[    0.993317] pcieport 0000:00:15.0: pciehp: Slot #160 AttnBtn+ PwrCtrl+ MRL- AttnInd- PwrInd- HotPlug+ Surprise- Interlock- NoCompl+ IbPresDis- LLActRep+
[    0.994814] pcieport 0000:00:15.1: PME: Signaling with IRQ 25
[    0.994917] pcieport 0000:00:15.1: pciehp: Slot #161 AttnBtn+ PwrCtrl+ MRL- AttnInd- PwrInd- HotPlug+ Surprise- Interlock- NoCompl+ IbPresDis- LLActRep+
[    0.996153] pcieport 0000:00:15.2: PME: Signaling with IRQ 26
[    0.996240] pcieport 0000:00:15.2: pciehp: Slot #162 AttnBtn+ PwrCtrl+ MRL- AttnInd- PwrInd- HotPlug+ Surprise- Interlock- NoCompl+ IbPresDis- LLActRep+
[    0.997402] pcieport 0000:00:15.3: PME: Signaling with IRQ 27
[    0.997469] pcieport 0000:00:15.3: pciehp: Slot #163 AttnBtn+ PwrCtrl+ MRL- AttnInd- PwrInd- HotPlug+ Surprise- Interlock- NoCompl+ IbPresDis- LLActRep+
[    0.999300] pcieport 0000:00:15.4: PME: Signaling with IRQ 28
[    0.999379] pcieport 0000:00:15.4: pciehp: Slot #164 AttnBtn+ PwrCtrl+ MRL- AttnInd- PwrInd- HotPlug+ Surprise- Interlock- NoCompl+ IbPresDis- LLActRep+
[    1.000797] pcieport 0000:00:15.5: PME: Signaling with IRQ 29
[    1.000869] pcieport 0000:00:15.5: pciehp: Slot #165 AttnBtn+ PwrCtrl+ MRL- AttnInd- PwrInd- HotPlug+ Surprise- Interlock- NoCompl+ IbPresDis- LLActRep+
[    1.002061] pcieport 0000:00:15.6: PME: Signaling with IRQ 30
[    1.002140] pcieport 0000:00:15.6: pciehp: Slot #166 AttnBtn+ PwrCtrl+ MRL- AttnInd- PwrInd- HotPlug+ Surprise- Interlock- NoCompl+ IbPresDis- LLActRep+
[    1.003448] pcieport 0000:00:15.7: PME: Signaling with IRQ 31
[    1.003550] pcieport 0000:00:15.7: pciehp: Slot #167 AttnBtn+ PwrCtrl+ MRL- AttnInd- PwrInd- HotPlug+ Surprise- Interlock- NoCompl+ IbPresDis- LLActRep+
[    1.004837] pcieport 0000:00:16.0: PME: Signaling with IRQ 32
[    1.004936] pcieport 0000:00:16.0: pciehp: Slot #192 AttnBtn+ PwrCtrl+ MRL- AttnInd- PwrInd- HotPlug+ Surprise- Interlock- NoCompl+ IbPresDis- LLActRep+
[    1.006526] pcieport 0000:00:16.1: PME: Signaling with IRQ 33
[    1.006632] pcieport 0000:00:16.1: pciehp: Slot #193 AttnBtn+ PwrCtrl+ MRL- AttnInd- PwrInd- HotPlug+ Surprise- Interlock- NoCompl+ IbPresDis- LLActRep+
[    1.008883] pcieport 0000:00:16.2: PME: Signaling with IRQ 34
[    1.009050] pcieport 0000:00:16.2: pciehp: Slot #194 AttnBtn+ PwrCtrl+ MRL- AttnInd- PwrInd- HotPlug+ Surprise- Interlock- NoCompl+ IbPresDis- LLActRep+
[    1.010698] pcieport 0000:00:16.3: PME: Signaling with IRQ 35
[    1.010803] pcieport 0000:00:16.3: pciehp: Slot #195 AttnBtn+ PwrCtrl+ MRL- AttnInd- PwrInd- HotPlug+ Surprise- Interlock- NoCompl+ IbPresDis- LLActRep+
[    1.012245] pcieport 0000:00:16.4: PME: Signaling with IRQ 36
[    1.012347] pcieport 0000:00:16.4: pciehp: Slot #196 AttnBtn+ PwrCtrl+ MRL- AttnInd- PwrInd- HotPlug+ Surprise- Interlock- NoCompl+ IbPresDis- LLActRep+
[    1.013957] pcieport 0000:00:16.5: PME: Signaling with IRQ 37
[    1.014075] pcieport 0000:00:16.5: pciehp: Slot #197 AttnBtn+ PwrCtrl+ MRL- AttnInd- PwrInd- HotPlug+ Surprise- Interlock- NoCompl+ IbPresDis- LLActRep+
[    1.015886] pcieport 0000:00:16.6: PME: Signaling with IRQ 38
[    1.016011] pcieport 0000:00:16.6: pciehp: Slot #198 AttnBtn+ PwrCtrl+ MRL- AttnInd- PwrInd- HotPlug+ Surprise- Interlock- NoCompl+ IbPresDis- LLActRep+
[    1.017698] pcieport 0000:00:16.7: PME: Signaling with IRQ 39
[    1.017822] pcieport 0000:00:16.7: pciehp: Slot #199 AttnBtn+ PwrCtrl+ MRL- AttnInd- PwrInd- HotPlug+ Surprise- Interlock- NoCompl+ IbPresDis- LLActRep+
[    1.019545] pcieport 0000:00:17.0: PME: Signaling with IRQ 40
[    1.019677] pcieport 0000:00:17.0: pciehp: Slot #224 AttnBtn+ PwrCtrl+ MRL- AttnInd- PwrInd- HotPlug+ Surprise- Interlock- NoCompl+ IbPresDis- LLActRep+
[    1.021341] pcieport 0000:00:17.1: PME: Signaling with IRQ 41
[    1.021467] pcieport 0000:00:17.1: pciehp: Slot #225 AttnBtn+ PwrCtrl+ MRL- AttnInd- PwrInd- HotPlug+ Surprise- Interlock- NoCompl+ IbPresDis- LLActRep+
[    1.023274] pcieport 0000:00:17.2: PME: Signaling with IRQ 42
[    1.023392] pcieport 0000:00:17.2: pciehp: Slot #226 AttnBtn+ PwrCtrl+ MRL- AttnInd- PwrInd- HotPlug+ Surprise- Interlock- NoCompl+ IbPresDis- LLActRep+
[    1.025218] pcieport 0000:00:17.3: PME: Signaling with IRQ 43
[    1.025354] pcieport 0000:00:17.3: pciehp: Slot #227 AttnBtn+ PwrCtrl+ MRL- AttnInd- PwrInd- HotPlug+ Surprise- Interlock- NoCompl+ IbPresDis- LLActRep+
[    1.027259] pcieport 0000:00:17.4: PME: Signaling with IRQ 44
[    1.027390] pcieport 0000:00:17.4: pciehp: Slot #228 AttnBtn+ PwrCtrl+ MRL- AttnInd- PwrInd- HotPlug+ Surprise- Interlock- NoCompl+ IbPresDis- LLActRep+
[    1.029150] pcieport 0000:00:17.5: PME: Signaling with IRQ 45
[    1.029264] pcieport 0000:00:17.5: pciehp: Slot #229 AttnBtn+ PwrCtrl+ MRL- AttnInd- PwrInd- HotPlug+ Surprise- Interlock- NoCompl+ IbPresDis- LLActRep+
[    1.030492] pcieport 0000:00:17.6: PME: Signaling with IRQ 46
[    1.030590] pcieport 0000:00:17.6: pciehp: Slot #230 AttnBtn+ PwrCtrl+ MRL- AttnInd- PwrInd- HotPlug+ Surprise- Interlock- NoCompl+ IbPresDis- LLActRep+
[    1.032701] pcieport 0000:00:17.7: PME: Signaling with IRQ 47
[    1.032860] pcieport 0000:00:17.7: pciehp: Slot #231 AttnBtn+ PwrCtrl+ MRL- AttnInd- PwrInd- HotPlug+ Surprise- Interlock- NoCompl+ IbPresDis- LLActRep+
[    1.035257] pcieport 0000:00:18.0: PME: Signaling with IRQ 48
[    1.035428] pcieport 0000:00:18.0: pciehp: Slot #256 AttnBtn+ PwrCtrl+ MRL- AttnInd- PwrInd- HotPlug+ Surprise- Interlock- NoCompl+ IbPresDis- LLActRep+
[    1.037356] pcieport 0000:00:18.1: PME: Signaling with IRQ 49
[    1.037477] pcieport 0000:00:18.1: pciehp: Slot #257 AttnBtn+ PwrCtrl+ MRL- AttnInd- PwrInd- HotPlug+ Surprise- Interlock- NoCompl+ IbPresDis- LLActRep+
[    1.040702] pcieport 0000:00:18.2: PME: Signaling with IRQ 50
[    1.040887] pcieport 0000:00:18.2: pciehp: Slot #258 AttnBtn+ PwrCtrl+ MRL- AttnInd- PwrInd- HotPlug+ Surprise- Interlock- NoCompl+ IbPresDis- LLActRep+
[    1.043340] pcieport 0000:00:18.3: PME: Signaling with IRQ 51
[    1.043549] pcieport 0000:00:18.3: pciehp: Slot #259 AttnBtn+ PwrCtrl+ MRL- AttnInd- PwrInd- HotPlug+ Surprise- Interlock- NoCompl+ IbPresDis- LLActRep+
[    1.045346] pcieport 0000:00:18.4: PME: Signaling with IRQ 52
[    1.045506] pcieport 0000:00:18.4: pciehp: Slot #260 AttnBtn+ PwrCtrl+ MRL- AttnInd- PwrInd- HotPlug+ Surprise- Interlock- NoCompl+ IbPresDis- LLActRep+
[    1.047730] pcieport 0000:00:18.5: PME: Signaling with IRQ 53
[    1.047890] pcieport 0000:00:18.5: pciehp: Slot #261 AttnBtn+ PwrCtrl+ MRL- AttnInd- PwrInd- HotPlug+ Surprise- Interlock- NoCompl+ IbPresDis- LLActRep+
[    1.050078] pcieport 0000:00:18.6: PME: Signaling with IRQ 54
[    1.050249] pcieport 0000:00:18.6: pciehp: Slot #262 AttnBtn+ PwrCtrl+ MRL- AttnInd- PwrInd- HotPlug+ Surprise- Interlock- NoCompl+ IbPresDis- LLActRep+
[    1.052508] pcieport 0000:00:18.7: PME: Signaling with IRQ 55
[    1.052668] pcieport 0000:00:18.7: pciehp: Slot #263 AttnBtn+ PwrCtrl+ MRL- AttnInd- PwrInd- HotPlug+ Surprise- Interlock- NoCompl+ IbPresDis- LLActRep+
[    1.054219] shpchp: Standard Hot Plug PCI Controller Driver version: 0.4
[    1.055003] ACPI: AC: AC Adapter [ACAD] (on-line)
[    1.055228] input: Power Button as /devices/LNXSYSTM:00/LNXPWRBN:00/input/input0
[    1.055744] ACPI: button: Power Button [PWRF]
[    1.058235] Serial: 8250/16550 driver, 32 ports, IRQ sharing enabled
[    1.083760] 00:05: ttyS0 at I/O 0x3f8 (irq = 4, base_baud = 115200) is a 16550A
[    1.130003] Linux agpgart interface v0.103
[    1.130619] agpgart-intel 0000:00:00.0: Intel 440BX Chipset
[    1.131912] agpgart-intel 0000:00:00.0: AGP aperture is 256M @ 0x0
